******************************************************************************
             TMS320C2000 Linker PC v22.6.1                     
******************************************************************************
>> Linked Wed Apr  9 18:42:28 2025

OUTPUT FILE NAME:   <gpio_ex2_toggle.out>
ENTRY POINT SYMBOL: "code_start"  address: 00080000


MEMORY CONFIGURATION

         name            origin    length      used     unused   attr    fill
----------------------  --------  ---------  --------  --------  ----  --------
PAGE 0:
  RAMM0                 00000123   000002dd  00000000  000002dd  RWIX
  RAMLS0                00008000   00000800  00000128  000006d8  RWIX
  RAMLS1                00008800   00000800  00000000  00000800  RWIX
  RAMLS2                00009000   00000800  00000000  00000800  RWIX
  RAMLS3                00009800   00000800  00000000  00000800  RWIX
  RAMLS4                0000a000   00000800  00000000  00000800  RWIX
  RAMD0                 0000b000   00000800  00000000  00000800  RWIX
  RAMGS14               0001a000   00001000  00000000  00001000  RWIX
  RAMGS15               0001b000   00000ff8  00000000  00000ff8  RWIX
  BEGIN                 00080000   00000002  00000002  00000000  RWIX
  FLASHA                00080002   00001ffe  00000000  00001ffe  RWIX
  FLASHB                00082000   00002000  00000cbf  00001341  RWIX
  FLASHC                00084000   00002000  00000000  00002000  RWIX
  FLASHD                00086000   00002000  00000128  00001ed8  RWIX
  FLASHE                00088000   00008000  00000000  00008000  RWIX
  FLASHF                00090000   00008000  00000295  00007d6b  RWIX
  FLASHG                00098000   00008000  00000000  00008000  RWIX
  FLASHH                000a0000   00008000  00000000  00008000  RWIX
  FLASHI                000a8000   00008000  00000000  00008000  RWIX
  FLASHJ                000b0000   00008000  00000000  00008000  RWIX
  FLASHK                000b8000   00002000  00000000  00002000  RWIX
  FLASHL                000ba000   00002000  00000000  00002000  RWIX
  FLASHM                000bc000   00002000  00000000  00002000  RWIX
  FLASHN                000be000   00001ff0  00000000  00001ff0  RWIX
  RESET                 003fffc0   00000002  00000000  00000002  RWIX

PAGE 1:
  BOOT_RSVD             00000002   00000121  00000000  00000121  RWIX
  RAMM1                 00000400   000003f8  000003f8  00000000  RWIX
  RAMLS5                0000a800   00000800  00000010  000007f0  RWIX
  RAMD1                 0000b800   00000800  00000000  00000800  RWIX
  RAMGS0                0000c000   00001000  00000000  00001000  RWIX
  RAMGS1                0000d000   00001000  00000000  00001000  RWIX
  RAMGS2                0000e000   00001000  00000000  00001000  RWIX
  RAMGS3                0000f000   00001000  00000000  00001000  RWIX
  RAMGS4                00010000   00001000  00000000  00001000  RWIX
  RAMGS5                00011000   00001000  00000000  00001000  RWIX
  RAMGS6                00012000   00001000  00000000  00001000  RWIX
  RAMGS7                00013000   00001000  00000000  00001000  RWIX
  RAMGS8                00014000   00001000  00000000  00001000  RWIX
  RAMGS9                00015000   00001000  00000000  00001000  RWIX
  RAMGS10               00016000   00001000  00000000  00001000  RWIX
  RAMGS11               00017000   00001000  00000000  00001000  RWIX
  RAMGS12               00018000   00001000  00000000  00001000  RWIX
  RAMGS13               00019000   00001000  00000000  00001000  RWIX
  CPU2TOCPU1RAM         0003f800   00000400  00000000  00000400  RWIX
  CPU1TOCPU2RAM         0003fc00   00000400  00000000  00000400  RWIX


SECTION ALLOCATION MAP

 output                                  attributes/
section   page    origin      length       input sections
--------  ----  ----------  ----------   ----------------
codestart 
*          0    00080000    00000002     
                  00080000    00000002     F2837xD_CodeStartBranch.obj (codestart)

.cinit     0    00082cb0    00000012     
                  00082cb0    0000000a     (.cinit..data.load) [load image, compression = lzss]
                  00082cba    00000004     (__TI_handler_table)
                  00082cbe    00000004     (__TI_cinit_table)

.stack     1    00000400    000003f8     UNINITIALIZED
                  00000400    000003f8     --HOLE--

.reset     0    003fffc0    00000000     DSECT

.init_array 
*          0    00082000    00000000     UNINITIALIZED

.data      1    0000a800    00000010     UNINITIALIZED
                  0000a800    00000006     device.obj (.data)
                  0000a806    00000006     rts2800_fpu32_eabi.lib : exit.c.obj (.data)
                  0000a80c    00000002                            : _lock.c.obj (.data:_lock)
                  0000a80e    00000002                            : _lock.c.obj (.data:_unlock)

.const     0    00090000    00000295     
                  00090000    000000c2     driverlib_eabi.lib : sysctl.obj (.const:.string)
                  000900c2    000000bf                        : flash.obj (.const:.string)
                  00090181    00000001     --HOLE-- [fill = 0]
                  00090182    000000bc                        : gpio.obj (.const:.string)
                  0009023e    00000044     gpio_ex2_toggle.obj (.const:.string)
                  00090282    00000013     device.obj (.const:.string)

.TI.ramfunc 
*          0    00086000    00000128     RUN ADDR = 00008000
                  00086000    00000043     driverlib_eabi.lib : flash.obj (.TI.ramfunc:Flash_initModule)
                  00086043    0000002c                        : flash.obj (.TI.ramfunc:Flash_setBankPowerMode)
                  0008606f    00000024                        : flash.obj (.TI.ramfunc:Flash_setWaitstates)
                  00086093    0000001d                        : flash.obj (.TI.ramfunc:Flash_setPumpPowerMode)
                  000860b0    00000018                        : flash.obj (.TI.ramfunc:Flash_disableCache)
                  000860c8    00000018                        : flash.obj (.TI.ramfunc:Flash_disablePrefetch)
                  000860e0    00000017                        : flash.obj (.TI.ramfunc:Flash_enableCache)
                  000860f7    00000017                        : flash.obj (.TI.ramfunc:Flash_enablePrefetch)
                  0008610e    00000016                        : flash.obj (.TI.ramfunc:Flash_enableECC)
                  00086124    00000004                        : sysctl.obj (.TI.ramfunc)

GETBUFFER 
*          0    0003f800    00000000     DSECT

GETWRITEIDX 
*          0    0003f800    00000000     DSECT

PUTREADIDX 
*          0    0003f800    00000000     DSECT

.text      0    00082000    00000cad     
                  00082000    000003fe     device.obj (.text)
                  000823fe    00000209     driverlib_eabi.lib : sysctl.obj (.text:SysCtl_setClock)
                  00082607    00000090                        : sysctl.obj (.text:SysCtl_selectXTAL)
                  00082697    00000088     rts2800_fpu32_eabi.lib : fs_div28.asm.obj (.text)
                  0008271f    00000068     driverlib_eabi.lib : sysctl.obj (.text:SysCtl_getDeviceParametric)
                  00082787    0000005e     gpio_ex2_toggle.obj (.text)
                  000827e5    00000052     driverlib_eabi.lib : gpio.obj (.text:GPIO_setPadConfig)
                  00082837    00000051                        : sysctl.obj (.text:SysCtl_getClock)
                  00082888    00000048                        : sysctl.obj (.text:SysCtl_selectOscSource)
                  000828d0    0000003d                        : interrupt.obj (.text:Interrupt_initModule)
                  0008290d    00000037                        : gpio.obj (.text:GPIO_setControllerCore)
                  00082944    00000037                        : gpio.obj (.text:GPIO_setPinConfig)
                  0008297b    00000037                        : gpio.obj (.text:GPIO_setQualificationMode)
                  000829b2    00000031                        : gpio.obj (.text:GPIO_setDirectionMode)
                  000829e3    00000030     rts2800_fpu32_eabi.lib : copy_decompress_lzss.c.obj (.text:decompress:lzss)
                  00082a13    0000002b                            : autoinit.c.obj (.text:__TI_auto_init_nobinit_nopinit)
                  00082a3e    00000029                            : exit.c.obj (.text)
                  00082a67    00000028     driverlib_eabi.lib : sysctl.obj (.text:CPUTimer_selectClockSource)
                  00082a8f    00000026                        : flash.obj (.text:Flash_setBankPowerUpDelay)
                  00082ab5    00000024     board.obj (.text)
                  00082ad9    0000001f     driverlib_eabi.lib : sysctl.obj (.text:CPUTimer_getTimerOverflowStatus)
                  00082af8    0000001e                        : interrupt.obj (.text:Interrupt_initVectorTable)
                  00082b16    0000001d     rts2800_fpu32_eabi.lib : memcpy.c.obj (.text)
                  00082b33    0000001a     driverlib_eabi.lib : sysctl.obj (.text:CPUTimer_startTimer)
                  00082b4d    0000001a                        : sysctl.obj (.text:SysCtl_getLowSpeedClock)
                  00082b67    00000018     gpio_drv.obj (.text)
                  00082b7f    00000017     driverlib_eabi.lib : sysctl.obj (.text:CPUTimer_isBaseValid)
                  00082b96    00000017     rts2800_fpu32_eabi.lib : boot28.asm.obj (.text)
                  00082bad    00000016     driverlib_eabi.lib : interrupt.obj (.text:Interrupt_defaultHandler)
                  00082bc3    00000014                        : sysctl.obj (.text:CPUTimer_stopTimer)
                  00082bd7    00000012                        : sysctl.obj (.text:CPUTimer_clearOverflowFlag)
                  00082be9    00000012                        : sysctl.obj (.text:CPUTimer_disableInterrupt)
                  00082bfb    00000011                        : sysctl.obj (.text:CPUTimer_setPeriod)
                  00082c0c    00000010                        : flash.obj (.text:Flash_isCtrlBaseValid)
                  00082c1c    00000010                        : flash.obj (.text:Flash_isECCBaseValid)
                  00082c2c    0000000f                        : sysctl.obj (.text:SysCtl_pollCpuTimer)
                  00082c3b    0000000e                        : gpio.obj (.text:GPIO_isPinValid)
                  00082c49    0000000d                        : interrupt.obj (.text:Interrupt_disableGlobal)
                  00082c56    0000000c     rts2800_fpu32_eabi.lib : args_main.c.obj (.text)
                  00082c62    0000000b     driverlib_eabi.lib : sysctl.obj (.text:SysCtl_isMCDClockFailureDetected)
                  00082c6d    0000000a                        : interrupt.obj (.text:Interrupt_illegalOperationHandler)
                  00082c77    0000000a                        : interrupt.obj (.text:Interrupt_nmiHandler)
                  00082c81    00000009                        : sysctl.obj (.text:SysCtl_serviceWatchdog)
                  00082c8a    00000009     rts2800_fpu32_eabi.lib : _lock.c.obj (.text)
                  00082c93    00000008     F2837xD_CodeStartBranch.obj (.text)
                  00082c9b    00000008     rts2800_fpu32_eabi.lib : copy_decompress_none.c.obj (.text:decompress:none)
                  00082ca3    00000007     driverlib_eabi.lib : sysctl.obj (.text:SysCtl_resetMCD)
                  00082caa    00000002     rts2800_fpu32_eabi.lib : pre_init.c.obj (.text)
                  00082cac    00000001                            : startup.c.obj (.text)

MODULE SUMMARY

       Module                        code   ro data   rw data
       ------                        ----   -------   -------
    .\
       gpio_ex2_toggle.obj           94     68        0      
    +--+-----------------------------+------+---------+---------+
       Total:                        94     68        0      
                                                             
    .\device\
       device.obj                    1022   19        6      
       F2837xD_CodeStartBranch.obj   10     0         0      
    +--+-----------------------------+------+---------+---------+
       Total:                        1032   19        6      
                                                             
    .\src\
       gpio_drv.obj                  24     0         0      
    +--+-----------------------------+------+---------+---------+
       Total:                        24     0         0      
                                                             
    .\syscfg\
       board.obj                     36     0         0      
    +--+-----------------------------+------+---------+---------+
       Total:                        36     0         0      
                                                             
    C:\ti\c2000\C2000Ware_5_04_00_00\driverlib\f2837xd\driverlib\ccs\Debug\driverlib_eabi.lib
       sysctl.obj                    1191   194       0      
       flash.obj                     654    191       0      
       gpio.obj                      310    188       0      
       interrupt.obj                 146    0         0      
    +--+-----------------------------+------+---------+---------+
       Total:                        2301   573       0      
                                                             
    C:\ti\ccs1250\ccs\tools\compiler\ti-cgt-c2000_22.6.1.LTS\lib\rts2800_fpu32_eabi.lib
       fs_div28.asm.obj              136    0         0      
       copy_decompress_lzss.c.obj    48     0         0      
       exit.c.obj                    41     0         6      
       autoinit.c.obj                43     0         0      
       memcpy.c.obj                  29     0         0      
       boot28.asm.obj                23     0         0      
       _lock.c.obj                   9      0         4      
       args_main.c.obj               12     0         0      
       copy_decompress_none.c.obj    8      0         0      
       pre_init.c.obj                2      0         0      
       startup.c.obj                 1      0         0      
    +--+-----------------------------+------+---------+---------+
       Total:                        352    0         10     
                                                             
       Stack:                        0      0         1016   
       Linker Generated:             0      18        0      
    +--+-----------------------------+------+---------+---------+
       Grand Total:                  3839   678       1032   


LINKER GENERATED COPY TABLES

__TI_cinit_table @ 00082cbe records: 1, size/record: 4, table size: 4
	.data: load addr=00082cb0, load size=0000000a bytes, run addr=0000a800, run size=00000010 bytes, compression=lzss


LINKER GENERATED HANDLER TABLE

__TI_handler_table @ 00082cba records: 2, size/record: 2, table size: 4
	index: 0, handler: __TI_decompress_lzss
	index: 1, handler: __TI_decompress_none


GLOBAL DATA SYMBOLS: SORTED BY DATA PAGE

address     data page           name
--------    ----------------    ----
00000400      10 (00000400)     __stack

0000a800     2a0 (0000a800)     Example_Result
0000a802     2a0 (0000a800)     Example_PassCount
0000a804     2a0 (0000a800)     Example_Fail
0000a806     2a0 (0000a800)     __TI_enable_exit_profile_output
0000a808     2a0 (0000a800)     __TI_cleanup_ptr
0000a80a     2a0 (0000a800)     __TI_dtors_ptr
0000a80c     2a0 (0000a800)     _lock
0000a80e     2a0 (0000a800)     _unlock


GLOBAL SYMBOLS: SORTED ALPHABETICALLY BY Name 

page  address   name                                     
----  -------   ----                                     
0     00082ab5  Board_init                               
0     00082a3e  C$$EXIT                                  
0     00082272  Device_bootCPU2                          
0     00082241  Device_configureTMXAnalogTrim            
0     000820ef  Device_enableAllPeripherals              
0     0008222b  Device_enableUnbondedGPIOPullups         
0     0008220e  Device_enableUnbondedGPIOPullupsFor100Pin
0     000821fb  Device_enableUnbondedGPIOPullupsFor176Pin
0     0008209a  Device_init                              
0     000821da  Device_initGPIO                          
1     0000a804  Example_Fail                             
1     0000a802  Example_PassCount                        
1     0000a800  Example_Result                           
0     000823fd  Example_done                             
0     000823f8  Example_setResultFail                    
0     000823f3  Example_setResultPass                    
0     00008000  Flash_initModule                         
0     00082ac2  GPIO_init                                
0     0008290d  GPIO_setControllerCore                   
0     000829b2  GPIO_setDirectionMode                    
0     000827e5  GPIO_setPadConfig                        
0     00082944  GPIO_setPinConfig                        
0     0008297b  GPIO_setQualificationMode                
0     00082bad  Interrupt_defaultHandler                 
0     00082c6d  Interrupt_illegalOperationHandler        
0     000828d0  Interrupt_initModule                     
0     00082af8  Interrupt_initVectorTable                
0     00082c77  Interrupt_nmiHandler                     
0     00082abc  PinMux_init                              
0     00086128  RamfuncsLoadEnd                          
abs   00000128  RamfuncsLoadSize                         
0     00086000  RamfuncsLoadStart                        
0     00008128  RamfuncsRunEnd                           
abs   00000128  RamfuncsRunSize                          
0     00008000  RamfuncsRunStart                         
0     00008124  SysCtl_delay                             
0     00082837  SysCtl_getClock                          
0     0008271f  SysCtl_getDeviceParametric               
0     00082b4d  SysCtl_getLowSpeedClock                  
0     00082888  SysCtl_selectOscSource                   
0     00082607  SysCtl_selectXTAL                        
0     000823fe  SysCtl_setClock                          
0     00082cbe  __TI_CINIT_Base                          
0     00082cc2  __TI_CINIT_Limit                         
0     00082cc2  __TI_CINIT_Warm                          
0     00082cba  __TI_Handler_Table_Base                  
0     00082cbe  __TI_Handler_Table_Limit                 
1     000007f8  __TI_STACK_END                           
abs   000003f8  __TI_STACK_SIZE                          
0     00082a13  __TI_auto_init_nobinit_nopinit           
1     0000a808  __TI_cleanup_ptr                         
0     000829e3  __TI_decompress_lzss                     
0     00082c9b  __TI_decompress_none                     
1     0000a80a  __TI_dtors_ptr                           
1     0000a806  __TI_enable_exit_profile_output          
abs   ffffffff  __TI_pprof_out_hndl                      
abs   ffffffff  __TI_prof_data_size                      
abs   ffffffff  __TI_prof_data_start                     
0     00082697  __c28xabi_divf                           
n/a   UNDEFED   __c_args__                               
0     000823ec  __error__                                
1     00000400  __stack                                  
0     00082c56  _args_main                               
0     00082b96  _c_int00                                 
1     0000a80c  _lock                                    
0     00082c92  _nop                                     
0     00082c8e  _register_lock                           
0     00082c8a  _register_unlock                         
0     00082cac  _system_post_cinit                       
0     00082caa  _system_pre_init                         
1     0000a80e  _unlock                                  
0     00082a3e  abort                                    
0     00080000  code_start                               
0     00082a40  exit                                     
0     00082b67  gpio_init                                
0     000827c1  main                                     
0     00082b16  memcpy                                   
0     00082ac5  myGPIOOutput0_init                       


GLOBAL SYMBOLS: SORTED BY Symbol Address 

page  address   name                                     
----  -------   ----                                     
0     00008000  Flash_initModule                         
0     00008000  RamfuncsRunStart                         
0     00008124  SysCtl_delay                             
0     00008128  RamfuncsRunEnd                           
0     00080000  code_start                               
0     0008209a  Device_init                              
0     000820ef  Device_enableAllPeripherals              
0     000821da  Device_initGPIO                          
0     000821fb  Device_enableUnbondedGPIOPullupsFor176Pin
0     0008220e  Device_enableUnbondedGPIOPullupsFor100Pin
0     0008222b  Device_enableUnbondedGPIOPullups         
0     00082241  Device_configureTMXAnalogTrim            
0     00082272  Device_bootCPU2                          
0     000823ec  __error__                                
0     000823f3  Example_setResultPass                    
0     000823f8  Example_setResultFail                    
0     000823fd  Example_done                             
0     000823fe  SysCtl_setClock                          
0     00082607  SysCtl_selectXTAL                        
0     00082697  __c28xabi_divf                           
0     0008271f  SysCtl_getDeviceParametric               
0     000827c1  main                                     
0     000827e5  GPIO_setPadConfig                        
0     00082837  SysCtl_getClock                          
0     00082888  SysCtl_selectOscSource                   
0     000828d0  Interrupt_initModule                     
0     0008290d  GPIO_setControllerCore                   
0     00082944  GPIO_setPinConfig                        
0     0008297b  GPIO_setQualificationMode                
0     000829b2  GPIO_setDirectionMode                    
0     000829e3  __TI_decompress_lzss                     
0     00082a13  __TI_auto_init_nobinit_nopinit           
0     00082a3e  C$$EXIT                                  
0     00082a3e  abort                                    
0     00082a40  exit                                     
0     00082ab5  Board_init                               
0     00082abc  PinMux_init                              
0     00082ac2  GPIO_init                                
0     00082ac5  myGPIOOutput0_init                       
0     00082af8  Interrupt_initVectorTable                
0     00082b16  memcpy                                   
0     00082b4d  SysCtl_getLowSpeedClock                  
0     00082b67  gpio_init                                
0     00082b96  _c_int00                                 
0     00082bad  Interrupt_defaultHandler                 
0     00082c56  _args_main                               
0     00082c6d  Interrupt_illegalOperationHandler        
0     00082c77  Interrupt_nmiHandler                     
0     00082c8a  _register_unlock                         
0     00082c8e  _register_lock                           
0     00082c92  _nop                                     
0     00082c9b  __TI_decompress_none                     
0     00082caa  _system_pre_init                         
0     00082cac  _system_post_cinit                       
0     00082cba  __TI_Handler_Table_Base                  
0     00082cbe  __TI_CINIT_Base                          
0     00082cbe  __TI_Handler_Table_Limit                 
0     00082cc2  __TI_CINIT_Limit                         
0     00082cc2  __TI_CINIT_Warm                          
0     00086000  RamfuncsLoadStart                        
0     00086128  RamfuncsLoadEnd                          
1     00000400  __stack                                  
1     000007f8  __TI_STACK_END                           
1     0000a800  Example_Result                           
1     0000a802  Example_PassCount                        
1     0000a804  Example_Fail                             
1     0000a806  __TI_enable_exit_profile_output          
1     0000a808  __TI_cleanup_ptr                         
1     0000a80a  __TI_dtors_ptr                           
1     0000a80c  _lock                                    
1     0000a80e  _unlock                                  
abs   00000128  RamfuncsLoadSize                         
abs   00000128  RamfuncsRunSize                          
abs   000003f8  __TI_STACK_SIZE                          
abs   ffffffff  __TI_pprof_out_hndl                      
abs   ffffffff  __TI_prof_data_size                      
abs   ffffffff  __TI_prof_data_start                     
n/a   UNDEFED   __c_args__                               

[78 symbols]
