<?xml version="1.0" encoding="ISO-8859-1" ?>
<link_info>
   <banner>MSP430 Linker PC v21.6.1.LTS</banner>
   <copyright>Copyright (c) 2003-2018 Texas Instruments Incorporated</copyright>
   <link_time>0x68677802</link_time>
   <link_errors>0x0</link_errors>
   <output_file>W5500_Simple_TCP_Client.out</output_file>
   <entry_point>
      <name>_c_int00_noargs_mpu</name>
      <address>0xb4ba</address>
   </entry_point>
   <input_file_list>
      <input_file id="fl-2">
         <path>.\</path>
         <kind>object</kind>
         <file>main.obj</file>
         <name>main.obj</name>
      </input_file>
      <input_file id="fl-3">
         <path>.\w5500\W5500\</path>
         <kind>object</kind>
         <file>w5500.obj</file>
         <name>w5500.obj</name>
      </input_file>
      <input_file id="fl-4">
         <path>.\w5500\</path>
         <kind>object</kind>
         <file>socket.obj</file>
         <name>socket.obj</name>
      </input_file>
      <input_file id="fl-5">
         <path>.\w5500\</path>
         <kind>object</kind>
         <file>w5500_spi.obj</file>
         <name>w5500_spi.obj</name>
      </input_file>
      <input_file id="fl-6">
         <path>.\w5500\</path>
         <kind>object</kind>
         <file>wizchip_conf.obj</file>
         <name>wizchip_conf.obj</name>
      </input_file>
      <input_file id="fl-c">
         <kind>object</kind>
         <file>&lt;internal&gt;</file>
         <name>&lt;internal&gt;</name>
      </input_file>
      <input_file id="fl-27">
         <path>C:\ti\ccs1250\ccs\tools\compiler\ti-cgt-msp430_21.6.1.LTS\lib\</path>
         <kind>archive</kind>
         <file>rts430x_lc_sd_eabi.lib</file>
         <name>copy_decompress_lzss.c.obj</name>
      </input_file>
      <input_file id="fl-28">
         <path>C:\ti\ccs1250\ccs\tools\compiler\ti-cgt-msp430_21.6.1.LTS\lib\</path>
         <kind>archive</kind>
         <file>rts430x_lc_sd_eabi.lib</file>
         <name>copy_decompress_none.c.obj</name>
      </input_file>
      <input_file id="fl-29">
         <path>C:\ti\ccs1250\ccs\tools\compiler\ti-cgt-msp430_21.6.1.LTS\lib\</path>
         <kind>archive</kind>
         <file>rts430x_lc_sd_eabi.lib</file>
         <name>int22.asm.obj</name>
      </input_file>
      <input_file id="fl-2a">
         <path>C:\ti\ccs1250\ccs\tools\compiler\ti-cgt-msp430_21.6.1.LTS\lib\</path>
         <kind>archive</kind>
         <file>rts430x_lc_sd_eabi.lib</file>
         <name>isr_trap.asm.obj</name>
      </input_file>
      <input_file id="fl-2b">
         <path>C:\ti\ccs1250\ccs\tools\compiler\ti-cgt-msp430_21.6.1.LTS\lib\</path>
         <kind>archive</kind>
         <file>rts430x_lc_sd_eabi.lib</file>
         <name>int23.asm.obj</name>
      </input_file>
      <input_file id="fl-2c">
         <path>C:\ti\ccs1250\ccs\tools\compiler\ti-cgt-msp430_21.6.1.LTS\lib\</path>
         <kind>archive</kind>
         <file>rts430x_lc_sd_eabi.lib</file>
         <name>int24.asm.obj</name>
      </input_file>
      <input_file id="fl-2d">
         <path>C:\ti\ccs1250\ccs\tools\compiler\ti-cgt-msp430_21.6.1.LTS\lib\</path>
         <kind>archive</kind>
         <file>rts430x_lc_sd_eabi.lib</file>
         <name>int25.asm.obj</name>
      </input_file>
      <input_file id="fl-2e">
         <path>C:\ti\ccs1250\ccs\tools\compiler\ti-cgt-msp430_21.6.1.LTS\lib\</path>
         <kind>archive</kind>
         <file>rts430x_lc_sd_eabi.lib</file>
         <name>int26.asm.obj</name>
      </input_file>
      <input_file id="fl-2f">
         <path>C:\ti\ccs1250\ccs\tools\compiler\ti-cgt-msp430_21.6.1.LTS\lib\</path>
         <kind>archive</kind>
         <file>rts430x_lc_sd_eabi.lib</file>
         <name>int27.asm.obj</name>
      </input_file>
      <input_file id="fl-30">
         <path>C:\ti\ccs1250\ccs\tools\compiler\ti-cgt-msp430_21.6.1.LTS\lib\</path>
         <kind>archive</kind>
         <file>rts430x_lc_sd_eabi.lib</file>
         <name>int28.asm.obj</name>
      </input_file>
      <input_file id="fl-31">
         <path>C:\ti\ccs1250\ccs\tools\compiler\ti-cgt-msp430_21.6.1.LTS\lib\</path>
         <kind>archive</kind>
         <file>rts430x_lc_sd_eabi.lib</file>
         <name>int29.asm.obj</name>
      </input_file>
      <input_file id="fl-32">
         <path>C:\ti\ccs1250\ccs\tools\compiler\ti-cgt-msp430_21.6.1.LTS\lib\</path>
         <kind>archive</kind>
         <file>rts430x_lc_sd_eabi.lib</file>
         <name>int30.asm.obj</name>
      </input_file>
      <input_file id="fl-33">
         <path>C:\ti\ccs1250\ccs\tools\compiler\ti-cgt-msp430_21.6.1.LTS\lib\</path>
         <kind>archive</kind>
         <file>rts430x_lc_sd_eabi.lib</file>
         <name>int31.asm.obj</name>
      </input_file>
      <input_file id="fl-34">
         <path>C:\ti\ccs1250\ccs\tools\compiler\ti-cgt-msp430_21.6.1.LTS\lib\</path>
         <kind>archive</kind>
         <file>rts430x_lc_sd_eabi.lib</file>
         <name>int32.asm.obj</name>
      </input_file>
      <input_file id="fl-35">
         <path>C:\ti\ccs1250\ccs\tools\compiler\ti-cgt-msp430_21.6.1.LTS\lib\</path>
         <kind>archive</kind>
         <file>rts430x_lc_sd_eabi.lib</file>
         <name>int33.asm.obj</name>
      </input_file>
      <input_file id="fl-36">
         <path>C:\ti\ccs1250\ccs\tools\compiler\ti-cgt-msp430_21.6.1.LTS\lib\</path>
         <kind>archive</kind>
         <file>rts430x_lc_sd_eabi.lib</file>
         <name>int34.asm.obj</name>
      </input_file>
      <input_file id="fl-37">
         <path>C:\ti\ccs1250\ccs\tools\compiler\ti-cgt-msp430_21.6.1.LTS\lib\</path>
         <kind>archive</kind>
         <file>rts430x_lc_sd_eabi.lib</file>
         <name>int35.asm.obj</name>
      </input_file>
      <input_file id="fl-38">
         <path>C:\ti\ccs1250\ccs\tools\compiler\ti-cgt-msp430_21.6.1.LTS\lib\</path>
         <kind>archive</kind>
         <file>rts430x_lc_sd_eabi.lib</file>
         <name>int36.asm.obj</name>
      </input_file>
      <input_file id="fl-39">
         <path>C:\ti\ccs1250\ccs\tools\compiler\ti-cgt-msp430_21.6.1.LTS\lib\</path>
         <kind>archive</kind>
         <file>rts430x_lc_sd_eabi.lib</file>
         <name>int37.asm.obj</name>
      </input_file>
      <input_file id="fl-3a">
         <path>C:\ti\ccs1250\ccs\tools\compiler\ti-cgt-msp430_21.6.1.LTS\lib\</path>
         <kind>archive</kind>
         <file>rts430x_lc_sd_eabi.lib</file>
         <name>int38.asm.obj</name>
      </input_file>
      <input_file id="fl-3b">
         <path>C:\ti\ccs1250\ccs\tools\compiler\ti-cgt-msp430_21.6.1.LTS\lib\</path>
         <kind>archive</kind>
         <file>rts430x_lc_sd_eabi.lib</file>
         <name>int39.asm.obj</name>
      </input_file>
      <input_file id="fl-3c">
         <path>C:\ti\ccs1250\ccs\tools\compiler\ti-cgt-msp430_21.6.1.LTS\lib\</path>
         <kind>archive</kind>
         <file>rts430x_lc_sd_eabi.lib</file>
         <name>int40.asm.obj</name>
      </input_file>
      <input_file id="fl-3d">
         <path>C:\ti\ccs1250\ccs\tools\compiler\ti-cgt-msp430_21.6.1.LTS\lib\</path>
         <kind>archive</kind>
         <file>rts430x_lc_sd_eabi.lib</file>
         <name>int41.asm.obj</name>
      </input_file>
      <input_file id="fl-3e">
         <path>C:\ti\ccs1250\ccs\tools\compiler\ti-cgt-msp430_21.6.1.LTS\lib\</path>
         <kind>archive</kind>
         <file>rts430x_lc_sd_eabi.lib</file>
         <name>int42.asm.obj</name>
      </input_file>
      <input_file id="fl-3f">
         <path>C:\ti\ccs1250\ccs\tools\compiler\ti-cgt-msp430_21.6.1.LTS\lib\</path>
         <kind>archive</kind>
         <file>rts430x_lc_sd_eabi.lib</file>
         <name>int43.asm.obj</name>
      </input_file>
      <input_file id="fl-40">
         <path>C:\ti\ccs1250\ccs\tools\compiler\ti-cgt-msp430_21.6.1.LTS\lib\</path>
         <kind>archive</kind>
         <file>rts430x_lc_sd_eabi.lib</file>
         <name>int44.asm.obj</name>
      </input_file>
      <input_file id="fl-41">
         <path>C:\ti\ccs1250\ccs\tools\compiler\ti-cgt-msp430_21.6.1.LTS\lib\</path>
         <kind>archive</kind>
         <file>rts430x_lc_sd_eabi.lib</file>
         <name>int45.asm.obj</name>
      </input_file>
      <input_file id="fl-42">
         <path>C:\ti\ccs1250\ccs\tools\compiler\ti-cgt-msp430_21.6.1.LTS\lib\</path>
         <kind>archive</kind>
         <file>rts430x_lc_sd_eabi.lib</file>
         <name>copy_zero_init.c.obj</name>
      </input_file>
      <input_file id="fl-43">
         <path>C:\ti\ccs1250\ccs\tools\compiler\ti-cgt-msp430_21.6.1.LTS\lib\</path>
         <kind>archive</kind>
         <file>rts430x_lc_sd_eabi.lib</file>
         <name>cpy_util.asm.obj</name>
      </input_file>
      <input_file id="fl-44">
         <path>C:\ti\ccs1250\ccs\tools\compiler\ti-cgt-msp430_21.6.1.LTS\lib\</path>
         <kind>archive</kind>
         <file>rts430x_lc_sd_eabi.lib</file>
         <name>mult16_f5hw.asm.obj</name>
      </input_file>
      <input_file id="fl-45">
         <path>C:\ti\ccs1250\ccs\tools\compiler\ti-cgt-msp430_21.6.1.LTS\lib\</path>
         <kind>archive</kind>
         <file>rts430x_lc_sd_eabi.lib</file>
         <name>mult32_f5hw.asm.obj</name>
      </input_file>
      <input_file id="fl-46">
         <path>C:\ti\ccs1250\ccs\tools\compiler\ti-cgt-msp430_21.6.1.LTS\lib\</path>
         <kind>archive</kind>
         <file>rts430x_lc_sd_eabi.lib</file>
         <name>mult64_f5hw.asm.obj</name>
      </input_file>
      <input_file id="fl-47">
         <path>C:\ti\ccs1250\ccs\tools\compiler\ti-cgt-msp430_21.6.1.LTS\lib\</path>
         <kind>archive</kind>
         <file>rts430x_lc_sd_eabi.lib</file>
         <name>mult1632_f5hw.asm.obj</name>
      </input_file>
      <input_file id="fl-48">
         <path>C:\ti\ccs1250\ccs\tools\compiler\ti-cgt-msp430_21.6.1.LTS\lib\</path>
         <kind>archive</kind>
         <file>rts430x_lc_sd_eabi.lib</file>
         <name>mult3264_f5hw.asm.obj</name>
      </input_file>
      <input_file id="fl-49">
         <path>C:\ti\ccs1250\ccs\tools\compiler\ti-cgt-msp430_21.6.1.LTS\lib\</path>
         <kind>archive</kind>
         <file>rts430x_lc_sd_eabi.lib</file>
         <name>lsl16.asm.obj</name>
      </input_file>
      <input_file id="fl-4a">
         <path>C:\ti\ccs1250\ccs\tools\compiler\ti-cgt-msp430_21.6.1.LTS\lib\</path>
         <kind>archive</kind>
         <file>rts430x_lc_sd_eabi.lib</file>
         <name>lsl32.asm.obj</name>
      </input_file>
      <input_file id="fl-4b">
         <path>C:\ti\ccs1250\ccs\tools\compiler\ti-cgt-msp430_21.6.1.LTS\lib\</path>
         <kind>archive</kind>
         <file>rts430x_lc_sd_eabi.lib</file>
         <name>lsr16.asm.obj</name>
      </input_file>
      <input_file id="fl-4c">
         <path>C:\ti\ccs1250\ccs\tools\compiler\ti-cgt-msp430_21.6.1.LTS\lib\</path>
         <kind>archive</kind>
         <file>rts430x_lc_sd_eabi.lib</file>
         <name>boot.c.obj</name>
      </input_file>
      <input_file id="fl-4d">
         <path>C:\ti\ccs1250\ccs\ccs_base\msp430\lib\FR2xx\</path>
         <kind>archive</kind>
         <file>FRWP_INIT_LIB_CCS_msp430_large_code_small_data.lib</file>
         <name>frwp_init.obj</name>
      </input_file>
      <input_file id="fl-4e">
         <path>C:\ti\ccs1250\ccs\tools\compiler\ti-cgt-msp430_21.6.1.LTS\lib\</path>
         <kind>archive</kind>
         <file>rts430x_lc_sd_eabi.lib</file>
         <name>args_main.c.obj</name>
      </input_file>
      <input_file id="fl-4f">
         <path>C:\ti\ccs1250\ccs\tools\compiler\ti-cgt-msp430_21.6.1.LTS\lib\</path>
         <kind>archive</kind>
         <file>rts430x_lc_sd_eabi.lib</file>
         <name>autoinit.c.obj</name>
      </input_file>
      <input_file id="fl-50">
         <path>C:\ti\ccs1250\ccs\tools\compiler\ti-cgt-msp430_21.6.1.LTS\lib\</path>
         <kind>archive</kind>
         <file>rts430x_lc_sd_eabi.lib</file>
         <name>startup.c.obj</name>
      </input_file>
      <input_file id="fl-51">
         <path>C:\ti\ccs1250\ccs\tools\compiler\ti-cgt-msp430_21.6.1.LTS\lib\</path>
         <kind>archive</kind>
         <file>rts430x_lc_sd_eabi.lib</file>
         <name>pre_init.c.obj</name>
      </input_file>
      <input_file id="fl-52">
         <path>C:\ti\ccs1250\ccs\tools\compiler\ti-cgt-msp430_21.6.1.LTS\lib\</path>
         <kind>archive</kind>
         <file>rts430x_lc_sd_eabi.lib</file>
         <name>cpy_tbl.c.obj</name>
      </input_file>
      <input_file id="fl-53">
         <path>C:\ti\ccs1250\ccs\tools\compiler\ti-cgt-msp430_21.6.1.LTS\lib\</path>
         <kind>archive</kind>
         <file>rts430x_lc_sd_eabi.lib</file>
         <name>mult16.asm.obj</name>
      </input_file>
      <input_file id="fl-54">
         <path>C:\ti\ccs1250\ccs\tools\compiler\ti-cgt-msp430_21.6.1.LTS\lib\</path>
         <kind>archive</kind>
         <file>rts430x_lc_sd_eabi.lib</file>
         <name>exit.c.obj</name>
      </input_file>
      <input_file id="fl-55">
         <path>C:\ti\ccs1250\ccs\tools\compiler\ti-cgt-msp430_21.6.1.LTS\lib\</path>
         <kind>archive</kind>
         <file>rts430x_lc_sd_eabi.lib</file>
         <name>exit_gvars.c.obj</name>
      </input_file>
      <input_file id="fl-56">
         <path>C:\ti\ccs1250\ccs\tools\compiler\ti-cgt-msp430_21.6.1.LTS\lib\</path>
         <kind>archive</kind>
         <file>rts430x_lc_sd_eabi.lib</file>
         <name>_lock.c.obj</name>
      </input_file>
      <input_file id="fl-57">
         <path>C:\ti\ccs1250\ccs\tools\compiler\ti-cgt-msp430_21.6.1.LTS\lib\</path>
         <kind>archive</kind>
         <file>rts430x_lc_sd_eabi.lib</file>
         <name>memcpy.c.obj</name>
      </input_file>
      <input_file id="fl-58">
         <path>C:\ti\ccs1250\ccs\tools\compiler\ti-cgt-msp430_21.6.1.LTS\lib\</path>
         <kind>archive</kind>
         <file>rts430x_lc_sd_eabi.lib</file>
         <name>memset.c.obj</name>
      </input_file>
      <input_file id="fl-59">
         <path>C:\ti\ccs1250\ccs\tools\compiler\ti-cgt-msp430_21.6.1.LTS\lib\</path>
         <kind>archive</kind>
         <file>rts430x_lc_sd_eabi.lib</file>
         <name>printf.c.obj</name>
      </input_file>
      <input_file id="fl-5a">
         <path>C:\ti\ccs1250\ccs\tools\compiler\ti-cgt-msp430_21.6.1.LTS\lib\</path>
         <kind>archive</kind>
         <file>rts430x_lc_sd_eabi.lib</file>
         <name>_printfi.c.obj</name>
      </input_file>
      <input_file id="fl-5b">
         <path>C:\ti\ccs1250\ccs\tools\compiler\ti-cgt-msp430_21.6.1.LTS\lib\</path>
         <kind>archive</kind>
         <file>rts430x_lc_sd_eabi.lib</file>
         <name>_ltoa.c.obj</name>
      </input_file>
      <input_file id="fl-5c">
         <path>C:\ti\ccs1250\ccs\tools\compiler\ti-cgt-msp430_21.6.1.LTS\lib\</path>
         <kind>archive</kind>
         <file>rts430x_lc_sd_eabi.lib</file>
         <name>cmpd.c.obj</name>
      </input_file>
      <input_file id="fl-5d">
         <path>C:\ti\ccs1250\ccs\tools\compiler\ti-cgt-msp430_21.6.1.LTS\lib\</path>
         <kind>archive</kind>
         <file>rts430x_lc_sd_eabi.lib</file>
         <name>divd.c.obj</name>
      </input_file>
      <input_file id="fl-5e">
         <path>C:\ti\ccs1250\ccs\tools\compiler\ti-cgt-msp430_21.6.1.LTS\lib\</path>
         <kind>archive</kind>
         <file>rts430x_lc_sd_eabi.lib</file>
         <name>frcdivd.c.obj</name>
      </input_file>
      <input_file id="fl-5f">
         <path>C:\ti\ccs1250\ccs\tools\compiler\ti-cgt-msp430_21.6.1.LTS\lib\</path>
         <kind>archive</kind>
         <file>rts430x_lc_sd_eabi.lib</file>
         <name>div32s.asm.obj</name>
      </input_file>
      <input_file id="fl-60">
         <path>C:\ti\ccs1250\ccs\tools\compiler\ti-cgt-msp430_21.6.1.LTS\lib\</path>
         <kind>archive</kind>
         <file>rts430x_lc_sd_eabi.lib</file>
         <name>div16u.asm.obj</name>
      </input_file>
      <input_file id="fl-61">
         <path>C:\ti\ccs1250\ccs\tools\compiler\ti-cgt-msp430_21.6.1.LTS\lib\</path>
         <kind>archive</kind>
         <file>rts430x_lc_sd_eabi.lib</file>
         <name>div32u.asm.obj</name>
      </input_file>
      <input_file id="fl-62">
         <path>C:\ti\ccs1250\ccs\tools\compiler\ti-cgt-msp430_21.6.1.LTS\lib\</path>
         <kind>archive</kind>
         <file>rts430x_lc_sd_eabi.lib</file>
         <name>div64u.c.obj</name>
      </input_file>
      <input_file id="fl-63">
         <path>C:\ti\ccs1250\ccs\tools\compiler\ti-cgt-msp430_21.6.1.LTS\lib\</path>
         <kind>archive</kind>
         <file>rts430x_lc_sd_eabi.lib</file>
         <name>fixdi.c.obj</name>
      </input_file>
      <input_file id="fl-64">
         <path>C:\ti\ccs1250\ccs\tools\compiler\ti-cgt-msp430_21.6.1.LTS\lib\</path>
         <kind>archive</kind>
         <file>rts430x_lc_sd_eabi.lib</file>
         <name>fixdli.c.obj</name>
      </input_file>
      <input_file id="fl-65">
         <path>C:\ti\ccs1250\ccs\tools\compiler\ti-cgt-msp430_21.6.1.LTS\lib\</path>
         <kind>archive</kind>
         <file>rts430x_lc_sd_eabi.lib</file>
         <name>fltid.c.obj</name>
      </input_file>
      <input_file id="fl-66">
         <path>C:\ti\ccs1250\ccs\tools\compiler\ti-cgt-msp430_21.6.1.LTS\lib\</path>
         <kind>archive</kind>
         <file>rts430x_lc_sd_eabi.lib</file>
         <name>fltlid.c.obj</name>
      </input_file>
      <input_file id="fl-67">
         <path>C:\ti\ccs1250\ccs\tools\compiler\ti-cgt-msp430_21.6.1.LTS\lib\</path>
         <kind>archive</kind>
         <file>rts430x_lc_sd_eabi.lib</file>
         <name>mpyd.c.obj</name>
      </input_file>
      <input_file id="fl-68">
         <path>C:\ti\ccs1250\ccs\tools\compiler\ti-cgt-msp430_21.6.1.LTS\lib\</path>
         <kind>archive</kind>
         <file>rts430x_lc_sd_eabi.lib</file>
         <name>frcmpyd.c.obj</name>
      </input_file>
      <input_file id="fl-69">
         <path>C:\ti\ccs1250\ccs\tools\compiler\ti-cgt-msp430_21.6.1.LTS\lib\</path>
         <kind>archive</kind>
         <file>rts430x_lc_sd_eabi.lib</file>
         <name>mult32.asm.obj</name>
      </input_file>
      <input_file id="fl-6a">
         <path>C:\ti\ccs1250\ccs\tools\compiler\ti-cgt-msp430_21.6.1.LTS\lib\</path>
         <kind>archive</kind>
         <file>rts430x_lc_sd_eabi.lib</file>
         <name>mult64.asm.obj</name>
      </input_file>
      <input_file id="fl-6b">
         <path>C:\ti\ccs1250\ccs\tools\compiler\ti-cgt-msp430_21.6.1.LTS\lib\</path>
         <kind>archive</kind>
         <file>rts430x_lc_sd_eabi.lib</file>
         <name>mult1632.asm.obj</name>
      </input_file>
      <input_file id="fl-6c">
         <path>C:\ti\ccs1250\ccs\tools\compiler\ti-cgt-msp430_21.6.1.LTS\lib\</path>
         <kind>archive</kind>
         <file>rts430x_lc_sd_eabi.lib</file>
         <name>mult3264.asm.obj</name>
      </input_file>
      <input_file id="fl-6d">
         <path>C:\ti\ccs1250\ccs\tools\compiler\ti-cgt-msp430_21.6.1.LTS\lib\</path>
         <kind>archive</kind>
         <file>rts430x_lc_sd_eabi.lib</file>
         <name>negd.c.obj</name>
      </input_file>
      <input_file id="fl-6e">
         <path>C:\ti\ccs1250\ccs\tools\compiler\ti-cgt-msp430_21.6.1.LTS\lib\</path>
         <kind>archive</kind>
         <file>rts430x_lc_sd_eabi.lib</file>
         <name>lsl64.c.obj</name>
      </input_file>
      <input_file id="fl-6f">
         <path>C:\ti\ccs1250\ccs\tools\compiler\ti-cgt-msp430_21.6.1.LTS\lib\</path>
         <kind>archive</kind>
         <file>rts430x_lc_sd_eabi.lib</file>
         <name>asr32.asm.obj</name>
      </input_file>
      <input_file id="fl-70">
         <path>C:\ti\ccs1250\ccs\tools\compiler\ti-cgt-msp430_21.6.1.LTS\lib\</path>
         <kind>archive</kind>
         <file>rts430x_lc_sd_eabi.lib</file>
         <name>lsr32.asm.obj</name>
      </input_file>
      <input_file id="fl-71">
         <path>C:\ti\ccs1250\ccs\tools\compiler\ti-cgt-msp430_21.6.1.LTS\lib\</path>
         <kind>archive</kind>
         <file>rts430x_lc_sd_eabi.lib</file>
         <name>lsr64.c.obj</name>
      </input_file>
      <input_file id="fl-72">
         <path>C:\ti\ccs1250\ccs\tools\compiler\ti-cgt-msp430_21.6.1.LTS\lib\</path>
         <kind>archive</kind>
         <file>rts430x_lc_sd_eabi.lib</file>
         <name>subd.c.obj</name>
      </input_file>
      <input_file id="fl-73">
         <path>C:\ti\ccs1250\ccs\tools\compiler\ti-cgt-msp430_21.6.1.LTS\lib\</path>
         <kind>archive</kind>
         <file>rts430x_lc_sd_eabi.lib</file>
         <name>addd.c.obj</name>
      </input_file>
      <input_file id="fl-74">
         <path>C:\ti\ccs1250\ccs\tools\compiler\ti-cgt-msp430_21.6.1.LTS\lib\</path>
         <kind>archive</kind>
         <file>rts430x_lc_sd_eabi.lib</file>
         <name>asr64.c.obj</name>
      </input_file>
      <input_file id="fl-75">
         <path>C:\ti\ccs1250\ccs\tools\compiler\ti-cgt-msp430_21.6.1.LTS\lib\</path>
         <kind>archive</kind>
         <file>rts430x_lc_sd_eabi.lib</file>
         <name>defs.c.obj</name>
      </input_file>
      <input_file id="fl-76">
         <path>C:\ti\ccs1250\ccs\tools\compiler\ti-cgt-msp430_21.6.1.LTS\lib\</path>
         <kind>archive</kind>
         <file>rts430x_lc_sd_eabi.lib</file>
         <name>abs.c.obj</name>
      </input_file>
      <input_file id="fl-77">
         <path>C:\ti\ccs1250\ccs\tools\compiler\ti-cgt-msp430_21.6.1.LTS\lib\</path>
         <kind>archive</kind>
         <file>rts430x_lc_sd_eabi.lib</file>
         <name>atoi.c.obj</name>
      </input_file>
      <input_file id="fl-78">
         <path>C:\ti\ccs1250\ccs\tools\compiler\ti-cgt-msp430_21.6.1.LTS\lib\</path>
         <kind>archive</kind>
         <file>rts430x_lc_sd_eabi.lib</file>
         <name>ctype.c.obj</name>
      </input_file>
      <input_file id="fl-79">
         <path>C:\ti\ccs1250\ccs\tools\compiler\ti-cgt-msp430_21.6.1.LTS\lib\</path>
         <kind>archive</kind>
         <file>rts430x_lc_sd_eabi.lib</file>
         <name>errno.c.obj</name>
      </input_file>
      <input_file id="fl-7a">
         <path>C:\ti\ccs1250\ccs\tools\compiler\ti-cgt-msp430_21.6.1.LTS\lib\</path>
         <kind>archive</kind>
         <file>rts430x_lc_sd_eabi.lib</file>
         <name>fputc.c.obj</name>
      </input_file>
      <input_file id="fl-7b">
         <path>C:\ti\ccs1250\ccs\tools\compiler\ti-cgt-msp430_21.6.1.LTS\lib\</path>
         <kind>archive</kind>
         <file>rts430x_lc_sd_eabi.lib</file>
         <name>fflush.c.obj</name>
      </input_file>
      <input_file id="fl-7c">
         <path>C:\ti\ccs1250\ccs\tools\compiler\ti-cgt-msp430_21.6.1.LTS\lib\</path>
         <kind>archive</kind>
         <file>rts430x_lc_sd_eabi.lib</file>
         <name>_io_perm.c.obj</name>
      </input_file>
      <input_file id="fl-7d">
         <path>C:\ti\ccs1250\ccs\tools\compiler\ti-cgt-msp430_21.6.1.LTS\lib\</path>
         <kind>archive</kind>
         <file>rts430x_lc_sd_eabi.lib</file>
         <name>fputs.c.obj</name>
      </input_file>
      <input_file id="fl-7e">
         <path>C:\ti\ccs1250\ccs\tools\compiler\ti-cgt-msp430_21.6.1.LTS\lib\</path>
         <kind>archive</kind>
         <file>rts430x_lc_sd_eabi.lib</file>
         <name>s_frexp.c.obj</name>
      </input_file>
      <input_file id="fl-7f">
         <path>C:\ti\ccs1250\ccs\tools\compiler\ti-cgt-msp430_21.6.1.LTS\lib\</path>
         <kind>archive</kind>
         <file>rts430x_lc_sd_eabi.lib</file>
         <name>fseek.c.obj</name>
      </input_file>
      <input_file id="fl-80">
         <path>C:\ti\ccs1250\ccs\tools\compiler\ti-cgt-msp430_21.6.1.LTS\lib\</path>
         <kind>archive</kind>
         <file>rts430x_lc_sd_eabi.lib</file>
         <name>s_scalbn.c.obj</name>
      </input_file>
      <input_file id="fl-81">
         <path>C:\ti\ccs1250\ccs\tools\compiler\ti-cgt-msp430_21.6.1.LTS\lib\</path>
         <kind>archive</kind>
         <file>rts430x_lc_sd_eabi.lib</file>
         <name>s_copysign.c.obj</name>
      </input_file>
      <input_file id="fl-82">
         <path>C:\ti\ccs1250\ccs\tools\compiler\ti-cgt-msp430_21.6.1.LTS\lib\</path>
         <kind>archive</kind>
         <file>rts430x_lc_sd_eabi.lib</file>
         <name>lseek.c.obj</name>
      </input_file>
      <input_file id="fl-83">
         <path>C:\ti\ccs1250\ccs\tools\compiler\ti-cgt-msp430_21.6.1.LTS\lib\</path>
         <kind>archive</kind>
         <file>rts430x_lc_sd_eabi.lib</file>
         <name>host_device.c.obj</name>
      </input_file>
      <input_file id="fl-84">
         <path>C:\ti\ccs1250\ccs\tools\compiler\ti-cgt-msp430_21.6.1.LTS\lib\</path>
         <kind>archive</kind>
         <file>rts430x_lc_sd_eabi.lib</file>
         <name>hostclose.c.obj</name>
      </input_file>
      <input_file id="fl-85">
         <path>C:\ti\ccs1250\ccs\tools\compiler\ti-cgt-msp430_21.6.1.LTS\lib\</path>
         <kind>archive</kind>
         <file>rts430x_lc_sd_eabi.lib</file>
         <name>hostlseek.c.obj</name>
      </input_file>
      <input_file id="fl-86">
         <path>C:\ti\ccs1250\ccs\tools\compiler\ti-cgt-msp430_21.6.1.LTS\lib\</path>
         <kind>archive</kind>
         <file>rts430x_lc_sd_eabi.lib</file>
         <name>hostopen.c.obj</name>
      </input_file>
      <input_file id="fl-87">
         <path>C:\ti\ccs1250\ccs\tools\compiler\ti-cgt-msp430_21.6.1.LTS\lib\</path>
         <kind>archive</kind>
         <file>rts430x_lc_sd_eabi.lib</file>
         <name>hostread.c.obj</name>
      </input_file>
      <input_file id="fl-88">
         <path>C:\ti\ccs1250\ccs\tools\compiler\ti-cgt-msp430_21.6.1.LTS\lib\</path>
         <kind>archive</kind>
         <file>rts430x_lc_sd_eabi.lib</file>
         <name>hostrename.c.obj</name>
      </input_file>
      <input_file id="fl-89">
         <path>C:\ti\ccs1250\ccs\tools\compiler\ti-cgt-msp430_21.6.1.LTS\lib\</path>
         <kind>archive</kind>
         <file>rts430x_lc_sd_eabi.lib</file>
         <name>hostunlink.c.obj</name>
      </input_file>
      <input_file id="fl-8a">
         <path>C:\ti\ccs1250\ccs\tools\compiler\ti-cgt-msp430_21.6.1.LTS\lib\</path>
         <kind>archive</kind>
         <file>rts430x_lc_sd_eabi.lib</file>
         <name>hostwrite.c.obj</name>
      </input_file>
      <input_file id="fl-8b">
         <path>C:\ti\ccs1250\ccs\tools\compiler\ti-cgt-msp430_21.6.1.LTS\lib\</path>
         <kind>archive</kind>
         <file>rts430x_lc_sd_eabi.lib</file>
         <name>trgmsg.c.obj</name>
      </input_file>
      <input_file id="fl-8c">
         <path>C:\ti\ccs1250\ccs\tools\compiler\ti-cgt-msp430_21.6.1.LTS\lib\</path>
         <kind>archive</kind>
         <file>rts430x_lc_sd_eabi.lib</file>
         <name>memccpy.c.obj</name>
      </input_file>
      <input_file id="fl-8d">
         <path>C:\ti\ccs1250\ccs\tools\compiler\ti-cgt-msp430_21.6.1.LTS\lib\</path>
         <kind>archive</kind>
         <file>rts430x_lc_sd_eabi.lib</file>
         <name>memchr.c.obj</name>
      </input_file>
      <input_file id="fl-8e">
         <path>C:\ti\ccs1250\ccs\tools\compiler\ti-cgt-msp430_21.6.1.LTS\lib\</path>
         <kind>archive</kind>
         <file>rts430x_lc_sd_eabi.lib</file>
         <name>setvbuf.c.obj</name>
      </input_file>
      <input_file id="fl-8f">
         <path>C:\ti\ccs1250\ccs\tools\compiler\ti-cgt-msp430_21.6.1.LTS\lib\</path>
         <kind>archive</kind>
         <file>rts430x_lc_sd_eabi.lib</file>
         <name>fopen.c.obj</name>
      </input_file>
      <input_file id="fl-90">
         <path>C:\ti\ccs1250\ccs\tools\compiler\ti-cgt-msp430_21.6.1.LTS\lib\</path>
         <kind>archive</kind>
         <file>rts430x_lc_sd_eabi.lib</file>
         <name>fclose.c.obj</name>
      </input_file>
      <input_file id="fl-91">
         <path>C:\ti\ccs1250\ccs\tools\compiler\ti-cgt-msp430_21.6.1.LTS\lib\</path>
         <kind>archive</kind>
         <file>rts430x_lc_sd_eabi.lib</file>
         <name>memory.c.obj</name>
      </input_file>
      <input_file id="fl-92">
         <path>C:\ti\ccs1250\ccs\tools\compiler\ti-cgt-msp430_21.6.1.LTS\lib\</path>
         <kind>archive</kind>
         <file>rts430x_lc_sd_eabi.lib</file>
         <name>open.c.obj</name>
      </input_file>
      <input_file id="fl-93">
         <path>C:\ti\ccs1250\ccs\tools\compiler\ti-cgt-msp430_21.6.1.LTS\lib\</path>
         <kind>archive</kind>
         <file>rts430x_lc_sd_eabi.lib</file>
         <name>getdevice.c.obj</name>
      </input_file>
      <input_file id="fl-94">
         <path>C:\ti\ccs1250\ccs\tools\compiler\ti-cgt-msp430_21.6.1.LTS\lib\</path>
         <kind>archive</kind>
         <file>rts430x_lc_sd_eabi.lib</file>
         <name>remove.c.obj</name>
      </input_file>
      <input_file id="fl-95">
         <path>C:\ti\ccs1250\ccs\tools\compiler\ti-cgt-msp430_21.6.1.LTS\lib\</path>
         <kind>archive</kind>
         <file>rts430x_lc_sd_eabi.lib</file>
         <name>strchr.c.obj</name>
      </input_file>
      <input_file id="fl-96">
         <path>C:\ti\ccs1250\ccs\tools\compiler\ti-cgt-msp430_21.6.1.LTS\lib\</path>
         <kind>archive</kind>
         <file>rts430x_lc_sd_eabi.lib</file>
         <name>strcmp.c.obj</name>
      </input_file>
      <input_file id="fl-97">
         <path>C:\ti\ccs1250\ccs\tools\compiler\ti-cgt-msp430_21.6.1.LTS\lib\</path>
         <kind>archive</kind>
         <file>rts430x_lc_sd_eabi.lib</file>
         <name>strcpy.c.obj</name>
      </input_file>
      <input_file id="fl-98">
         <path>C:\ti\ccs1250\ccs\tools\compiler\ti-cgt-msp430_21.6.1.LTS\lib\</path>
         <kind>archive</kind>
         <file>rts430x_lc_sd_eabi.lib</file>
         <name>strlen.c.obj</name>
      </input_file>
      <input_file id="fl-99">
         <path>C:\ti\ccs1250\ccs\tools\compiler\ti-cgt-msp430_21.6.1.LTS\lib\</path>
         <kind>archive</kind>
         <file>rts430x_lc_sd_eabi.lib</file>
         <name>strncpy.c.obj</name>
      </input_file>
      <input_file id="fl-9a">
         <path>C:\ti\ccs1250\ccs\tools\compiler\ti-cgt-msp430_21.6.1.LTS\lib\</path>
         <kind>archive</kind>
         <file>rts430x_lc_sd_eabi.lib</file>
         <name>toupper.c.obj</name>
      </input_file>
      <input_file id="fl-9b">
         <path>C:\ti\ccs1250\ccs\tools\compiler\ti-cgt-msp430_21.6.1.LTS\lib\</path>
         <kind>archive</kind>
         <file>rts430x_lc_sd_eabi.lib</file>
         <name>unlink.c.obj</name>
      </input_file>
      <input_file id="fl-9c">
         <path>C:\ti\ccs1250\ccs\tools\compiler\ti-cgt-msp430_21.6.1.LTS\lib\</path>
         <kind>archive</kind>
         <file>rts430x_lc_sd_eabi.lib</file>
         <name>wcslen.c.obj</name>
      </input_file>
      <input_file id="fl-9d">
         <path>C:\ti\ccs1250\ccs\tools\compiler\ti-cgt-msp430_21.6.1.LTS\lib\</path>
         <kind>archive</kind>
         <file>rts430x_lc_sd_eabi.lib</file>
         <name>write.c.obj</name>
      </input_file>
   </input_file_list>
   <object_component_list>
      <object_component id="oc-91f">
         <name>.cio</name>
         <load_address>0x8000</load_address>
         <run_address>0x8000</run_address>
         <size>0x120</size>
         <input_file_ref idref="fl-8b"/>
      </object_component>
      <object_component id="oc-420">
         <name>.sysmem</name>
         <load_address>0x8120</load_address>
         <run_address>0x8120</run_address>
         <size>0x8</size>
         <input_file_ref idref="fl-91"/>
      </object_component>
      <object_component id="oc-9d3">
         <name>.sysmem</name>
         <load_address>0x8120</load_address>
         <run_address>0x8120</run_address>
         <size>0x0</size>
      </object_component>
      <object_component id="oc-9d1">
         <name>.cinit..data.load</name>
         <load_address>0x8400</load_address>
         <run_address>0x8400</run_address>
         <size>0x19a</size>
      </object_component>
      <object_component id="oc-9ce">
         <name>__TI_handler_table</name>
         <load_address>0x859c</load_address>
         <run_address>0x859c</run_address>
         <size>0xc</size>
      </object_component>
      <object_component id="oc-9d0">
         <name>.cinit..bss.load</name>
         <load_address>0x85a8</load_address>
         <run_address>0x85a8</run_address>
         <size>0x6</size>
      </object_component>
      <object_component id="oc-9cf">
         <name>__TI_cinit_table</name>
         <load_address>0x85ae</load_address>
         <run_address>0x85ae</run_address>
         <size>0x10</size>
      </object_component>
      <object_component id="oc-96e">
         <name>.binit</name>
         <load_address>0x85be</load_address>
         <run_address>0x85be</run_address>
         <size>0x0</size>
      </object_component>
      <object_component id="oc-4e5">
         <name>.const:.string</name>
         <load_address>0x85be</load_address>
         <run_address>0x85be</run_address>
         <size>0x220</size>
         <input_file_ref idref="fl-2"/>
      </object_component>
      <object_component id="oc-599">
         <name>.const:.string</name>
         <load_address>0x87de</load_address>
         <run_address>0x87de</run_address>
         <size>0x40</size>
         <input_file_ref idref="fl-5"/>
      </object_component>
      <object_component id="oc-7e5">
         <name>.const:.string</name>
         <load_address>0x881e</load_address>
         <run_address>0x881e</run_address>
         <size>0x26</size>
         <input_file_ref idref="fl-5a"/>
      </object_component>
      <object_component id="oc-554">
         <name>.const:$P$T0$1</name>
         <load_address>0x8844</load_address>
         <run_address>0x8844</run_address>
         <size>0x10</size>
         <input_file_ref idref="fl-5"/>
      </object_component>
      <object_component id="oc-4fe">
         <name>.text:send</name>
         <load_address>0x8854</load_address>
         <run_address>0x8854</run_address>
         <size>0x2ce</size>
         <input_file_ref idref="fl-4"/>
      </object_component>
      <object_component id="oc-66c">
         <name>.text:connect_IO_6</name>
         <load_address>0x8b22</load_address>
         <run_address>0x8b22</run_address>
         <size>0x262</size>
         <input_file_ref idref="fl-4"/>
      </object_component>
      <object_component id="oc-4d3">
         <name>.text:ctlwizchip</name>
         <load_address>0x8d84</load_address>
         <run_address>0x8d84</run_address>
         <size>0x1ee</size>
         <input_file_ref idref="fl-6"/>
      </object_component>
      <object_component id="oc-4ec">
         <name>.text:socket</name>
         <load_address>0x8f72</load_address>
         <run_address>0x8f72</run_address>
         <size>0x1ea</size>
         <input_file_ref idref="fl-4"/>
      </object_component>
      <object_component id="oc-75e">
         <name>.text:__TI_printfi_minimal:_setfield___TI_printfi_minimal</name>
         <load_address>0x915c</load_address>
         <run_address>0x915c</run_address>
         <size>0x10e</size>
         <input_file_ref idref="fl-5a"/>
      </object_component>
      <object_component id="oc-496">
         <name>.text:main</name>
         <load_address>0x926a</load_address>
         <run_address>0x926a</run_address>
         <size>0x10a</size>
         <input_file_ref idref="fl-2"/>
      </object_component>
      <object_component id="oc-5d5">
         <name>.text:wizchip_init</name>
         <load_address>0x9374</load_address>
         <run_address>0x9374</run_address>
         <size>0xfc</size>
         <input_file_ref idref="fl-6"/>
      </object_component>
      <object_component id="oc-88a">
         <name>.text:aligned_alloc</name>
         <load_address>0x9470</load_address>
         <run_address>0x9470</run_address>
         <size>0xf0</size>
         <input_file_ref idref="fl-91"/>
      </object_component>
      <object_component id="oc-66">
         <name>.text:decompress:lzss:__TI_decompress_lzss</name>
         <load_address>0x9560</load_address>
         <run_address>0x9560</run_address>
         <size>0xee</size>
         <input_file_ref idref="fl-27"/>
      </object_component>
      <object_component id="oc-64c">
         <name>.text:WIZCHIP_READ_BUF</name>
         <load_address>0x964e</load_address>
         <run_address>0x964e</run_address>
         <size>0xe8</size>
         <input_file_ref idref="fl-3"/>
      </object_component>
      <object_component id="oc-641">
         <name>.text:__TI_printfi_minimal:__TI_printfi_minimal</name>
         <load_address>0x9736</load_address>
         <run_address>0x9736</run_address>
         <size>0xe2</size>
         <input_file_ref idref="fl-5a"/>
      </object_component>
      <object_component id="oc-74a">
         <name>.text:fputs</name>
         <load_address>0x9818</load_address>
         <run_address>0x9818</run_address>
         <size>0xde</size>
         <input_file_ref idref="fl-7d"/>
      </object_component>
      <object_component id="oc-67a">
         <name>.text:wiz_send_data</name>
         <load_address>0x98f6</load_address>
         <run_address>0x98f6</run_address>
         <size>0xda</size>
         <input_file_ref idref="fl-3"/>
      </object_component>
      <object_component id="oc-6f3">
         <name>.text:WIZCHIP_WRITE_BUF</name>
         <load_address>0x99d0</load_address>
         <run_address>0x99d0</run_address>
         <size>0xd8</size>
         <input_file_ref idref="fl-3"/>
      </object_component>
      <object_component id="oc-840">
         <name>.text:free</name>
         <load_address>0x9aa8</load_address>
         <run_address>0x9aa8</run_address>
         <size>0xd2</size>
         <input_file_ref idref="fl-91"/>
      </object_component>
      <object_component id="oc-80f">
         <name>.text:setvbuf</name>
         <load_address>0x9b7a</load_address>
         <run_address>0x9b7a</run_address>
         <size>0xcc</size>
         <input_file_ref idref="fl-8e"/>
      </object_component>
      <object_component id="oc-7e6">
         <name>.text:__TI_printfi_minimal:_pproc_diouxp___TI_printfi_minimal</name>
         <load_address>0x9c46</load_address>
         <run_address>0x9c46</run_address>
         <size>0xc4</size>
         <input_file_ref idref="fl-5a"/>
      </object_component>
      <object_component id="oc-5f9">
         <name>.text:WIZCHIP_READ</name>
         <load_address>0x9d0a</load_address>
         <run_address>0x9d0a</run_address>
         <size>0xb8</size>
         <input_file_ref idref="fl-3"/>
      </object_component>
      <object_component id="oc-674">
         <name>.text:getSn_TX_FSR</name>
         <load_address>0x9dc2</load_address>
         <run_address>0x9dc2</run_address>
         <size>0xb0</size>
         <input_file_ref idref="fl-3"/>
      </object_component>
      <object_component id="oc-5f3">
         <name>.text:WIZCHIP_WRITE</name>
         <load_address>0x9e72</load_address>
         <run_address>0x9e72</run_address>
         <size>0xae</size>
         <input_file_ref idref="fl-3"/>
      </object_component>
      <object_component id="oc-5cf">
         <name>.text:wizchip_sw_reset</name>
         <load_address>0x9f20</load_address>
         <run_address>0x9f20</run_address>
         <size>0xaa</size>
         <input_file_ref idref="fl-6"/>
      </object_component>
      <object_component id="oc-60e">
         <name>.text:wizphy_getphyconf</name>
         <load_address>0x9fca</load_address>
         <run_address>0x9fca</run_address>
         <size>0xa8</size>
         <input_file_ref idref="fl-6"/>
      </object_component>
      <object_component id="oc-652">
         <name>.text:close</name>
         <load_address>0xa072</load_address>
         <run_address>0xa072</run_address>
         <size>0xa4</size>
         <input_file_ref idref="fl-4"/>
      </object_component>
      <object_component id="oc-4c4">
         <name>.text:W5500Init</name>
         <load_address>0xa116</load_address>
         <run_address>0xa116</run_address>
         <size>0x98</size>
         <input_file_ref idref="fl-5"/>
      </object_component>
      <object_component id="oc-751">
         <name>.text:fputc</name>
         <load_address>0xa1ae</load_address>
         <run_address>0xa1ae</run_address>
         <size>0x8c</size>
         <input_file_ref idref="fl-7a"/>
      </object_component>
      <object_component id="oc-4df">
         <name>.text:PrintPHYConf</name>
         <load_address>0xa23a</load_address>
         <run_address>0xa23a</run_address>
         <size>0x86</size>
         <input_file_ref idref="fl-2"/>
      </object_component>
      <object_component id="oc-8b5">
         <name>.text:HOSTlseek</name>
         <load_address>0xa2c0</load_address>
         <run_address>0xa2c0</run_address>
         <size>0x82</size>
         <input_file_ref idref="fl-85"/>
      </object_component>
      <object_component id="oc-61a">
         <name>.text:wizphy_setphypmode</name>
         <load_address>0xa342</load_address>
         <run_address>0xa342</run_address>
         <size>0x82</size>
         <input_file_ref idref="fl-6"/>
      </object_component>
      <object_component id="oc-7c7">
         <name>.text:__TI_wrt_ok</name>
         <load_address>0xa3c4</load_address>
         <run_address>0xa3c4</run_address>
         <size>0x7a</size>
         <input_file_ref idref="fl-7c"/>
      </object_component>
      <object_component id="oc-5a4">
         <name>.text:wizchip_getnetinfo</name>
         <load_address>0xa43e</load_address>
         <run_address>0xa43e</run_address>
         <size>0x78</size>
         <input_file_ref idref="fl-6"/>
      </object_component>
      <object_component id="oc-59e">
         <name>.text:wizchip_setnetinfo</name>
         <load_address>0xa4b6</load_address>
         <run_address>0xa4b6</run_address>
         <size>0x70</size>
         <input_file_ref idref="fl-6"/>
      </object_component>
      <object_component id="oc-608">
         <name>.text:wizphy_setphyconf</name>
         <load_address>0xa526</load_address>
         <run_address>0xa526</run_address>
         <size>0x70</size>
         <input_file_ref idref="fl-6"/>
      </object_component>
      <object_component id="oc-8c1">
         <name>.text:HOSTrename</name>
         <load_address>0xa596</load_address>
         <run_address>0xa596</run_address>
         <size>0x6a</size>
         <input_file_ref idref="fl-88"/>
      </object_component>
      <object_component id="oc-534">
         <name>.text:__TI_auto_init_nobinit_nopinit_hold_wdt:__TI_auto_init_nobinit_nopinit_hold_wdt</name>
         <load_address>0xa600</load_address>
         <run_address>0xa600</run_address>
         <size>0x6a</size>
         <input_file_ref idref="fl-4f"/>
      </object_component>
      <object_component id="oc-809">
         <name>.text:fseeko</name>
         <load_address>0xa66a</load_address>
         <run_address>0xa66a</run_address>
         <size>0x6a</size>
         <input_file_ref idref="fl-7f"/>
      </object_component>
      <object_component id="oc-891">
         <name>.text:__TI_closefile</name>
         <load_address>0xa6d4</load_address>
         <run_address>0xa6d4</run_address>
         <size>0x68</size>
         <input_file_ref idref="fl-90"/>
      </object_component>
      <object_component id="oc-8da">
         <name>.text:split</name>
         <load_address>0xa73c</load_address>
         <run_address>0xa73c</run_address>
         <size>0x68</size>
         <input_file_ref idref="fl-91"/>
      </object_component>
      <object_component id="oc-5db">
         <name>.text:wizchip_clrinterrupt</name>
         <load_address>0xa7a4</load_address>
         <run_address>0xa7a4</run_address>
         <size>0x68</size>
         <input_file_ref idref="fl-6"/>
      </object_component>
      <object_component id="oc-4cd">
         <name>.text:ctlnetwork</name>
         <load_address>0xa80c</load_address>
         <run_address>0xa80c</run_address>
         <size>0x66</size>
         <input_file_ref idref="fl-6"/>
      </object_component>
      <object_component id="oc-89d">
         <name>.text:HOSTopen</name>
         <load_address>0xa872</load_address>
         <run_address>0xa872</run_address>
         <size>0x64</size>
         <input_file_ref idref="fl-86"/>
      </object_component>
      <object_component id="oc-7d3">
         <name>.text:__TI_doflush</name>
         <load_address>0xa8d6</load_address>
         <run_address>0xa8d6</run_address>
         <size>0x62</size>
         <input_file_ref idref="fl-7b"/>
      </object_component>
      <object_component id="oc-8af">
         <name>.text:HOSTwrite</name>
         <load_address>0xa938</load_address>
         <run_address>0xa938</run_address>
         <size>0x60</size>
         <input_file_ref idref="fl-8a"/>
      </object_component>
      <object_component id="oc-8a9">
         <name>.text:HOSTread</name>
         <load_address>0xa998</load_address>
         <run_address>0xa998</run_address>
         <size>0x5e</size>
         <input_file_ref idref="fl-87"/>
      </object_component>
      <object_component id="oc-5e1">
         <name>.text:wizchip_getinterrupt</name>
         <load_address>0xa9f6</load_address>
         <run_address>0xa9f6</run_address>
         <size>0x5c</size>
         <input_file_ref idref="fl-6"/>
      </object_component>
      <object_component id="oc-5ed">
         <name>.text:wizchip_getinterruptmask</name>
         <load_address>0xaa52</load_address>
         <run_address>0xaa52</run_address>
         <size>0x58</size>
         <input_file_ref idref="fl-6"/>
      </object_component>
      <object_component id="oc-913">
         <name>.text:getdevice</name>
         <load_address>0xaaaa</load_address>
         <run_address>0xaaaa</run_address>
         <size>0x54</size>
         <input_file_ref idref="fl-93"/>
      </object_component>
      <object_component id="oc-516">
         <name>.text:exit</name>
         <load_address>0xaafe</load_address>
         <run_address>0xaafe</run_address>
         <size>0x48</size>
         <input_file_ref idref="fl-54"/>
      </object_component>
      <object_component id="oc-581">
         <name>.text:reg_wizchip_spi_cbfunc</name>
         <load_address>0xab46</load_address>
         <run_address>0xab46</run_address>
         <size>0x48</size>
         <input_file_ref idref="fl-6"/>
      </object_component>
      <object_component id="oc-593">
         <name>.text:reg_wizchip_spiburst_cbfunc</name>
         <load_address>0xab8e</load_address>
         <run_address>0xab8e</run_address>
         <size>0x48</size>
         <input_file_ref idref="fl-6"/>
      </object_component>
      <object_component id="oc-8a3">
         <name>.text:HOSTclose</name>
         <load_address>0xabd6</load_address>
         <run_address>0xabd6</run_address>
         <size>0x46</size>
         <input_file_ref idref="fl-84"/>
      </object_component>
      <object_component id="oc-602">
         <name>.text:wizphy_reset</name>
         <load_address>0xac1c</load_address>
         <run_address>0xac1c</run_address>
         <size>0x46</size>
         <input_file_ref idref="fl-6"/>
      </object_component>
      <object_component id="oc-4d9">
         <name>.text:PHYStatusCheck</name>
         <load_address>0xac62</load_address>
         <run_address>0xac62</run_address>
         <size>0x44</size>
         <input_file_ref idref="fl-2"/>
      </object_component>
      <object_component id="oc-8bb">
         <name>.text:HOSTunlink</name>
         <load_address>0xaca6</load_address>
         <run_address>0xaca6</run_address>
         <size>0x42</size>
         <input_file_ref idref="fl-89"/>
      </object_component>
      <object_component id="oc-5bc">
         <name>.text:wizchip_gettimeout</name>
         <load_address>0xace8</load_address>
         <run_address>0xace8</run_address>
         <size>0x42</size>
         <input_file_ref idref="fl-6"/>
      </object_component>
      <object_component id="oc-587">
         <name>.text:wizchip_readburst</name>
         <load_address>0xad2a</load_address>
         <run_address>0xad2a</run_address>
         <size>0x42</size>
         <input_file_ref idref="fl-5"/>
      </object_component>
      <object_component id="oc-42e">
         <name>.text:__memcpy_far</name>
         <load_address>0xad6c</load_address>
         <run_address>0xad6c</run_address>
         <size>0x40</size>
         <input_file_ref idref="fl-43"/>
      </object_component>
      <object_component id="oc-4e6">
         <name>.text:printf</name>
         <load_address>0xadac</load_address>
         <run_address>0xadac</run_address>
         <size>0x40</size>
         <input_file_ref idref="fl-59"/>
      </object_component>
      <object_component id="oc-56f">
         <name>.text:reg_wizchip_cs_cbfunc</name>
         <load_address>0xadec</load_address>
         <run_address>0xadec</run_address>
         <size>0x40</size>
         <input_file_ref idref="fl-6"/>
      </object_component>
      <object_component id="oc-6df">
         <name>.text:wizchip_spi_readburst</name>
         <load_address>0xae2c</load_address>
         <run_address>0xae2c</run_address>
         <size>0x40</size>
         <input_file_ref idref="fl-6"/>
      </object_component>
      <object_component id="oc-43f">
         <name>.text:decompress:ZI:__TI_zero_init_nomemset:__TI_zero_init_nomemset</name>
         <load_address>0xae6c</load_address>
         <run_address>0xae6c</run_address>
         <size>0x3e</size>
         <input_file_ref idref="fl-42"/>
      </object_component>
      <object_component id="oc-711">
         <name>.text:l_lsl_const</name>
         <load_address>0xaeaa</load_address>
         <run_address>0xaeaa</run_address>
         <size>0x3e</size>
         <input_file_ref idref="fl-4a"/>
      </object_component>
      <object_component id="oc-4a8">
         <name>.text:__mpu_init</name>
         <load_address>0xaee8</load_address>
         <run_address>0xaee8</run_address>
         <size>0x3c</size>
         <input_file_ref idref="fl-4d"/>
      </object_component>
      <object_component id="oc-6c">
         <name>.text:decompress:none:__TI_decompress_none</name>
         <load_address>0xaf24</load_address>
         <run_address>0xaf24</run_address>
         <size>0x3c</size>
         <input_file_ref idref="fl-28"/>
      </object_component>
      <object_component id="oc-614">
         <name>.text:wizphy_getphystat</name>
         <load_address>0xaf60</load_address>
         <run_address>0xaf60</run_address>
         <size>0x3c</size>
         <input_file_ref idref="fl-6"/>
      </object_component>
      <object_component id="oc-6e5">
         <name>.text:wizchip_spi_writeburst</name>
         <load_address>0xaf9c</load_address>
         <run_address>0xaf9c</run_address>
         <size>0x3a</size>
         <input_file_ref idref="fl-6"/>
      </object_component>
      <object_component id="oc-58d">
         <name>.text:wizchip_writeburst</name>
         <load_address>0xafd6</load_address>
         <run_address>0xafd6</run_address>
         <size>0x3a</size>
         <input_file_ref idref="fl-5"/>
      </object_component>
      <object_component id="oc-55d">
         <name>.text:W5500IOInit</name>
         <load_address>0xb010</load_address>
         <run_address>0xb010</run_address>
         <size>0x38</size>
         <input_file_ref idref="fl-5"/>
      </object_component>
      <object_component id="oc-5aa">
         <name>.text:wizchip_setnetmode</name>
         <load_address>0xb048</load_address>
         <run_address>0xb048</run_address>
         <size>0x38</size>
         <input_file_ref idref="fl-6"/>
      </object_component>
      <object_component id="oc-5b6">
         <name>.text:wizchip_settimeout</name>
         <load_address>0xb080</load_address>
         <run_address>0xb080</run_address>
         <size>0x36</size>
         <input_file_ref idref="fl-6"/>
      </object_component>
      <object_component id="oc-84c">
         <name>.text:__TI_cleanup</name>
         <load_address>0xb0b6</load_address>
         <run_address>0xb0b6</run_address>
         <size>0x32</size>
         <input_file_ref idref="fl-8f"/>
      </object_component>
      <object_component id="oc-5e7">
         <name>.text:wizchip_setinterruptmask</name>
         <load_address>0xb0e8</load_address>
         <run_address>0xb0e8</run_address>
         <size>0x32</size>
         <input_file_ref idref="fl-6"/>
      </object_component>
      <object_component id="oc-8ef">
         <name>.text:__TI_writemsg</name>
         <load_address>0xb11a</load_address>
         <run_address>0xb11a</run_address>
         <size>0x2e</size>
         <input_file_ref idref="fl-8b"/>
      </object_component>
      <object_component id="oc-504">
         <name>.text:delay_ms</name>
         <load_address>0xb148</load_address>
         <run_address>0xb148</run_address>
         <size>0x2e</size>
         <input_file_ref idref="fl-2"/>
      </object_component>
      <object_component id="oc-93f">
         <name>.text:finddevice</name>
         <load_address>0xb176</load_address>
         <run_address>0xb176</run_address>
         <size>0x2e</size>
         <input_file_ref idref="fl-93"/>
      </object_component>
      <object_component id="oc-620">
         <name>.text:wizphy_getphypmode</name>
         <load_address>0xb1a4</load_address>
         <run_address>0xb1a4</run_address>
         <size>0x2e</size>
         <input_file_ref idref="fl-6"/>
      </object_component>
      <object_component id="oc-8f5">
         <name>.text:__TI_readmsg</name>
         <load_address>0xb1d2</load_address>
         <run_address>0xb1d2</run_address>
         <size>0x2c</size>
         <input_file_ref idref="fl-8b"/>
      </object_component>
      <object_component id="oc-939">
         <name>.text:strncpy</name>
         <load_address>0xb1fe</load_address>
         <run_address>0xb1fe</run_address>
         <size>0x2c</size>
         <input_file_ref idref="fl-99"/>
      </object_component>
      <object_component id="oc-8e2">
         <name>.text:unlink</name>
         <load_address>0xb22a</load_address>
         <run_address>0xb22a</run_address>
         <size>0x2a</size>
         <input_file_ref idref="fl-9b"/>
      </object_component>
      <object_component id="oc-883">
         <name>.text:free_list_insert</name>
         <load_address>0xb254</load_address>
         <run_address>0xb254</run_address>
         <size>0x28</size>
         <input_file_ref idref="fl-91"/>
      </object_component>
      <object_component id="oc-833">
         <name>.text:lseek</name>
         <load_address>0xb27c</load_address>
         <run_address>0xb27c</run_address>
         <size>0x26</size>
         <input_file_ref idref="fl-82"/>
      </object_component>
      <object_component id="oc-7d9">
         <name>.text:write</name>
         <load_address>0xb2a2</load_address>
         <run_address>0xb2a2</run_address>
         <size>0x24</size>
         <input_file_ref idref="fl-9d"/>
      </object_component>
      <object_component id="oc-6c8">
         <name>.text:SPIReadWrite</name>
         <load_address>0xb2c6</load_address>
         <run_address>0xb2c6</run_address>
         <size>0x22</size>
         <input_file_ref idref="fl-5"/>
      </object_component>
      <object_component id="oc-7ec">
         <name>.text:memccpy</name>
         <load_address>0xb2e8</load_address>
         <run_address>0xb2e8</run_address>
         <size>0x22</size>
         <input_file_ref idref="fl-8c"/>
      </object_component>
      <object_component id="oc-626">
         <name>.text:wizphy_getphylink</name>
         <load_address>0xb30a</load_address>
         <run_address>0xb30a</run_address>
         <size>0x20</size>
         <input_file_ref idref="fl-6"/>
      </object_component>
      <object_component id="oc-72e">
         <name>.text:wizchip_bus_writedata</name>
         <load_address>0xb32a</load_address>
         <run_address>0xb32a</run_address>
         <size>0x1e</size>
         <input_file_ref idref="fl-6"/>
      </object_component>
      <object_component id="oc-4f8">
         <name>.text:connect_W5x00</name>
         <load_address>0xb348</load_address>
         <run_address>0xb348</run_address>
         <size>0x1c</size>
         <input_file_ref idref="fl-4"/>
      </object_component>
      <object_component id="oc-87d">
         <name>.text:free_list_remove</name>
         <load_address>0xb364</load_address>
         <run_address>0xb364</run_address>
         <size>0x1c</size>
         <input_file_ref idref="fl-91"/>
      </object_component>
      <object_component id="oc-933">
         <name>.text:strchr</name>
         <load_address>0xb380</load_address>
         <run_address>0xb380</run_address>
         <size>0x1a</size>
         <input_file_ref idref="fl-95"/>
      </object_component>
      <object_component id="oc-79f">
         <name>.text</name>
         <load_address>0xb39a</load_address>
         <run_address>0xb39a</run_address>
         <size>0x18</size>
         <input_file_ref idref="fl-44"/>
      </object_component>
      <object_component id="oc-958">
         <name>.text:strcmp</name>
         <load_address>0xb3b2</load_address>
         <run_address>0xb3b2</run_address>
         <size>0x18</size>
         <input_file_ref idref="fl-96"/>
      </object_component>
      <object_component id="oc-826">
         <name>.text</name>
         <load_address>0xb3ca</load_address>
         <run_address>0xb3ca</run_address>
         <size>0x16</size>
         <input_file_ref idref="fl-60"/>
      </object_component>
      <object_component id="oc-7cd">
         <name>.text:memchr</name>
         <load_address>0xb3e0</load_address>
         <run_address>0xb3e0</run_address>
         <size>0x14</size>
         <input_file_ref idref="fl-8d"/>
      </object_component>
      <object_component id="oc-5c9">
         <name>.text:memset</name>
         <load_address>0xb3f4</load_address>
         <run_address>0xb3f4</run_address>
         <size>0x14</size>
         <input_file_ref idref="fl-58"/>
      </object_component>
      <object_component id="oc-557">
         <name>.text:memcpy</name>
         <load_address>0xb408</load_address>
         <run_address>0xb408</run_address>
         <size>0x12</size>
         <input_file_ref idref="fl-57"/>
      </object_component>
      <object_component id="oc-728">
         <name>.text:wizchip_bus_readdata</name>
         <load_address>0xb41a</load_address>
         <run_address>0xb41a</run_address>
         <size>0x12</size>
         <input_file_ref idref="fl-6"/>
      </object_component>
      <object_component id="oc-906">
         <name>.text:strcpy</name>
         <load_address>0xb42c</load_address>
         <run_address>0xb42c</run_address>
         <size>0x10</size>
         <input_file_ref idref="fl-97"/>
      </object_component>
      <object_component id="oc-57b">
         <name>.text:wizchip_write</name>
         <load_address>0xb43c</load_address>
         <run_address>0xb43c</run_address>
         <size>0x10</size>
         <input_file_ref idref="fl-5"/>
      </object_component>
      <object_component id="oc-758">
         <name>.text:strlen</name>
         <load_address>0xb44c</load_address>
         <run_address>0xb44c</run_address>
         <size>0xe</size>
         <input_file_ref idref="fl-98"/>
      </object_component>
      <object_component id="oc-5b0">
         <name>.text:wizchip_getnetmode</name>
         <load_address>0xb45a</load_address>
         <run_address>0xb45a</run_address>
         <size>0xc</size>
         <input_file_ref idref="fl-6"/>
      </object_component>
      <object_component id="oc-65b">
         <name>.text</name>
         <load_address>0xb466</load_address>
         <run_address>0xb466</run_address>
         <size>0xa</size>
         <input_file_ref idref="fl-49"/>
      </object_component>
      <object_component id="oc-6d6">
         <name>.text:wizchip_spi_writebyte</name>
         <load_address>0xb470</load_address>
         <run_address>0xb470</run_address>
         <size>0xa</size>
         <input_file_ref idref="fl-6"/>
      </object_component>
      <object_component id="oc-846">
         <name>.text:malloc</name>
         <load_address>0xb47a</load_address>
         <run_address>0xb47a</run_address>
         <size>0x8</size>
         <input_file_ref idref="fl-91"/>
      </object_component>
      <object_component id="oc-575">
         <name>.text:wizchip_read</name>
         <load_address>0xb482</load_address>
         <run_address>0xb482</run_address>
         <size>0x8</size>
         <input_file_ref idref="fl-5"/>
      </object_component>
      <object_component id="oc-63b">
         <name>.text:_outc</name>
         <load_address>0xb48a</load_address>
         <run_address>0xb48a</run_address>
         <size>0x6</size>
         <input_file_ref idref="fl-59"/>
      </object_component>
      <object_component id="oc-510">
         <name>.text:abort</name>
         <load_address>0xb490</load_address>
         <run_address>0xb490</run_address>
         <size>0x6</size>
         <input_file_ref idref="fl-54"/>
      </object_component>
      <object_component id="oc-569">
         <name>.text:wizchip_deselect</name>
         <load_address>0xb496</load_address>
         <run_address>0xb496</run_address>
         <size>0x6</size>
         <input_file_ref idref="fl-5"/>
      </object_component>
      <object_component id="oc-563">
         <name>.text:wizchip_select</name>
         <load_address>0xb49c</load_address>
         <run_address>0xb49c</run_address>
         <size>0x6</size>
         <input_file_ref idref="fl-5"/>
      </object_component>
      <object_component id="oc-635">
         <name>.text:_outs</name>
         <load_address>0xb4a2</load_address>
         <run_address>0xb4a2</run_address>
         <size>0x4</size>
         <input_file_ref idref="fl-59"/>
      </object_component>
      <object_component id="oc-490">
         <name>.text:_system_pre_init</name>
         <load_address>0xb4a6</load_address>
         <run_address>0xb4a6</run_address>
         <size>0x4</size>
         <input_file_ref idref="fl-51"/>
      </object_component>
      <object_component id="oc-6d0">
         <name>.text:wizchip_spi_readbyte</name>
         <load_address>0xb4aa</load_address>
         <run_address>0xb4aa</run_address>
         <size>0x4</size>
         <input_file_ref idref="fl-6"/>
      </object_component>
      <object_component id="oc-73d">
         <name>.text:_nop</name>
         <load_address>0xb4ae</load_address>
         <run_address>0xb4ae</run_address>
         <size>0x2</size>
         <input_file_ref idref="fl-56"/>
      </object_component>
      <object_component id="oc-68e">
         <name>.text:_system_post_cinit</name>
         <load_address>0xb4b0</load_address>
         <run_address>0xb4b0</run_address>
         <size>0x2</size>
         <input_file_ref idref="fl-50"/>
      </object_component>
      <object_component id="oc-71c">
         <name>.text:wizchip_cris_enter</name>
         <load_address>0xb4b2</load_address>
         <run_address>0xb4b2</run_address>
         <size>0x2</size>
         <input_file_ref idref="fl-6"/>
      </object_component>
      <object_component id="oc-722">
         <name>.text:wizchip_cris_exit</name>
         <load_address>0xb4b4</load_address>
         <run_address>0xb4b4</run_address>
         <size>0x2</size>
         <input_file_ref idref="fl-6"/>
      </object_component>
      <object_component id="oc-6c1">
         <name>.text:wizchip_cs_deselect</name>
         <load_address>0xb4b6</load_address>
         <run_address>0xb4b6</run_address>
         <size>0x2</size>
         <input_file_ref idref="fl-6"/>
      </object_component>
      <object_component id="oc-6bb">
         <name>.text:wizchip_cs_select</name>
         <load_address>0xb4b8</load_address>
         <run_address>0xb4b8</run_address>
         <size>0x2</size>
         <input_file_ref idref="fl-6"/>
      </object_component>
      <object_component id="oc-469">
         <name>.text:_isr:_c_int00_noargs_mpu</name>
         <load_address>0xb4ba</load_address>
         <run_address>0xb4ba</run_address>
         <size>0x20</size>
         <input_file_ref idref="fl-4c"/>
      </object_component>
      <object_component id="oc-43a">
         <name>.text:_isr:__TI_ISR_TRAP</name>
         <load_address>0xb4da</load_address>
         <run_address>0xb4da</run_address>
         <size>0x8</size>
         <input_file_ref idref="fl-2a"/>
      </object_component>
      <object_component id="oc-6f9">
         <name>.bss:_DNS_</name>
         <uninitialized>true</uninitialized>
         <run_address>0x223c</run_address>
         <size>0x4</size>
         <input_file_ref idref="fl-6"/>
      </object_component>
      <object_component id="oc-6fc">
         <name>.bss</name>
         <uninitialized>true</uninitialized>
         <run_address>0x2242</run_address>
         <size>0x2</size>
         <input_file_ref idref="fl-6"/>
      </object_component>
      <object_component id="oc-8d2">
         <name>.bss</name>
         <uninitialized>true</uninitialized>
         <run_address>0x2240</run_address>
         <size>0x2</size>
         <input_file_ref idref="fl-91"/>
      </object_component>
      <object_component id="oc-8e1">
         <name>.common:__TI_tmpnams</name>
         <uninitialized>true</uninitialized>
         <run_address>0x2194</run_address>
         <size>0xa0</size>
      </object_component>
      <object_component id="oc-8ec">
         <name>.common:parmbuf</name>
         <uninitialized>true</uninitialized>
         <run_address>0x2234</run_address>
         <size>0x8</size>
      </object_component>
      <object_component id="oc-4ca">
         <name>.data:gWIZNETINFO</name>
         <load_address>0x2142</load_address>
         <run_address>0x2142</run_address>
         <size>0x18</size>
         <input_file_ref idref="fl-2"/>
      </object_component>
      <object_component id="oc-4f2">
         <name>.data:destination_ip</name>
         <load_address>0x2188</load_address>
         <run_address>0x2188</run_address>
         <size>0x4</size>
         <input_file_ref idref="fl-2"/>
      </object_component>
      <object_component id="oc-4f5">
         <name>.data</name>
         <load_address>0x218c</load_address>
         <run_address>0x218c</run_address>
         <size>0x2</size>
         <input_file_ref idref="fl-2"/>
      </object_component>
      <object_component id="oc-658">
         <name>.data</name>
         <load_address>0x2172</load_address>
         <run_address>0x2172</run_address>
         <size>0x6</size>
         <input_file_ref idref="fl-4"/>
      </object_component>
      <object_component id="oc-660">
         <name>.data:sock_remained_size</name>
         <load_address>0x215a</load_address>
         <run_address>0x215a</run_address>
         <size>0x10</size>
         <input_file_ref idref="fl-4"/>
      </object_component>
      <object_component id="oc-663">
         <name>.data:sock_pack_info</name>
         <load_address>0x216a</load_address>
         <run_address>0x216a</run_address>
         <size>0x8</size>
         <input_file_ref idref="fl-4"/>
      </object_component>
      <object_component id="oc-5ff">
         <name>.data:WIZCHIP</name>
         <load_address>0x20f0</load_address>
         <run_address>0x20f0</run_address>
         <size>0x2a</size>
         <input_file_ref idref="fl-6"/>
      </object_component>
      <object_component id="oc-683">
         <name>.data</name>
         <load_address>0x2190</load_address>
         <run_address>0x2190</run_address>
         <size>0x2</size>
         <input_file_ref idref="fl-54"/>
      </object_component>
      <object_component id="oc-689">
         <name>.data:__TI_cleanup_ptr</name>
         <load_address>0x2178</load_address>
         <run_address>0x2178</run_address>
         <size>0x4</size>
         <input_file_ref idref="fl-55"/>
      </object_component>
      <object_component id="oc-686">
         <name>.data:__TI_dtors_ptr</name>
         <load_address>0x217c</load_address>
         <run_address>0x217c</run_address>
         <size>0x4</size>
         <input_file_ref idref="fl-55"/>
      </object_component>
      <object_component id="oc-62f">
         <name>.data:_lock</name>
         <load_address>0x2180</load_address>
         <run_address>0x2180</run_address>
         <size>0x4</size>
         <input_file_ref idref="fl-56"/>
      </object_component>
      <object_component id="oc-647">
         <name>.data:_unlock</name>
         <load_address>0x2184</load_address>
         <run_address>0x2184</run_address>
         <size>0x4</size>
         <input_file_ref idref="fl-56"/>
      </object_component>
      <object_component id="oc-632">
         <name>.data:_ftable</name>
         <load_address>0x2078</load_address>
         <run_address>0x2078</run_address>
         <size>0x78</size>
         <input_file_ref idref="fl-75"/>
      </object_component>
      <object_component id="oc-897">
         <name>.data</name>
         <load_address>0x218e</load_address>
         <run_address>0x218e</run_address>
         <size>0x2</size>
         <input_file_ref idref="fl-75"/>
      </object_component>
      <object_component id="oc-85f">
         <name>.data:_device</name>
         <load_address>0x2000</load_address>
         <run_address>0x2000</run_address>
         <size>0x78</size>
         <input_file_ref idref="fl-83"/>
      </object_component>
      <object_component id="oc-81b">
         <name>.data:_stream</name>
         <load_address>0x211a</load_address>
         <run_address>0x211a</run_address>
         <size>0x28</size>
         <input_file_ref idref="fl-83"/>
      </object_component>
      <object_component id="oc-8d7">
         <name>.data</name>
         <load_address>0x2192</load_address>
         <run_address>0x2192</run_address>
         <size>0x2</size>
         <input_file_ref idref="fl-91"/>
      </object_component>
      <object_component id="oc-41c">
         <name>.stack</name>
         <uninitialized>true</uninitialized>
         <run_address>0x2f60</run_address>
         <size>0x2</size>
         <input_file_ref idref="fl-4c"/>
      </object_component>
      <object_component id="oc-9d2">
         <name>.stack</name>
         <uninitialized>true</uninitialized>
         <run_address>0x2f60</run_address>
         <size>0x0</size>
      </object_component>
      <object_component id="oc-72">
         <name>.int22</name>
         <load_address>0xffce</load_address>
         <run_address>0xffce</run_address>
         <size>0x2</size>
         <input_file_ref idref="fl-29"/>
      </object_component>
      <object_component id="oc-73">
         <name>.int23</name>
         <load_address>0xffd0</load_address>
         <run_address>0xffd0</run_address>
         <size>0x2</size>
         <input_file_ref idref="fl-2b"/>
      </object_component>
      <object_component id="oc-74">
         <name>.int24</name>
         <load_address>0xffd2</load_address>
         <run_address>0xffd2</run_address>
         <size>0x2</size>
         <input_file_ref idref="fl-2c"/>
      </object_component>
      <object_component id="oc-75">
         <name>.int25</name>
         <load_address>0xffd4</load_address>
         <run_address>0xffd4</run_address>
         <size>0x2</size>
         <input_file_ref idref="fl-2d"/>
      </object_component>
      <object_component id="oc-76">
         <name>.int26</name>
         <load_address>0xffd6</load_address>
         <run_address>0xffd6</run_address>
         <size>0x2</size>
         <input_file_ref idref="fl-2e"/>
      </object_component>
      <object_component id="oc-77">
         <name>.int27</name>
         <load_address>0xffd8</load_address>
         <run_address>0xffd8</run_address>
         <size>0x2</size>
         <input_file_ref idref="fl-2f"/>
      </object_component>
      <object_component id="oc-78">
         <name>.int28</name>
         <load_address>0xffda</load_address>
         <run_address>0xffda</run_address>
         <size>0x2</size>
         <input_file_ref idref="fl-30"/>
      </object_component>
      <object_component id="oc-79">
         <name>.int29</name>
         <load_address>0xffdc</load_address>
         <run_address>0xffdc</run_address>
         <size>0x2</size>
         <input_file_ref idref="fl-31"/>
      </object_component>
      <object_component id="oc-7a">
         <name>.int30</name>
         <load_address>0xffde</load_address>
         <run_address>0xffde</run_address>
         <size>0x2</size>
         <input_file_ref idref="fl-32"/>
      </object_component>
      <object_component id="oc-7b">
         <name>.int31</name>
         <load_address>0xffe0</load_address>
         <run_address>0xffe0</run_address>
         <size>0x2</size>
         <input_file_ref idref="fl-33"/>
      </object_component>
      <object_component id="oc-7c">
         <name>.int32</name>
         <load_address>0xffe2</load_address>
         <run_address>0xffe2</run_address>
         <size>0x2</size>
         <input_file_ref idref="fl-34"/>
      </object_component>
      <object_component id="oc-7d">
         <name>.int33</name>
         <load_address>0xffe4</load_address>
         <run_address>0xffe4</run_address>
         <size>0x2</size>
         <input_file_ref idref="fl-35"/>
      </object_component>
      <object_component id="oc-7e">
         <name>.int34</name>
         <load_address>0xffe6</load_address>
         <run_address>0xffe6</run_address>
         <size>0x2</size>
         <input_file_ref idref="fl-36"/>
      </object_component>
      <object_component id="oc-7f">
         <name>.int35</name>
         <load_address>0xffe8</load_address>
         <run_address>0xffe8</run_address>
         <size>0x2</size>
         <input_file_ref idref="fl-37"/>
      </object_component>
      <object_component id="oc-80">
         <name>.int36</name>
         <load_address>0xffea</load_address>
         <run_address>0xffea</run_address>
         <size>0x2</size>
         <input_file_ref idref="fl-38"/>
      </object_component>
      <object_component id="oc-81">
         <name>.int37</name>
         <load_address>0xffec</load_address>
         <run_address>0xffec</run_address>
         <size>0x2</size>
         <input_file_ref idref="fl-39"/>
      </object_component>
      <object_component id="oc-82">
         <name>.int38</name>
         <load_address>0xffee</load_address>
         <run_address>0xffee</run_address>
         <size>0x2</size>
         <input_file_ref idref="fl-3a"/>
      </object_component>
      <object_component id="oc-83">
         <name>.int39</name>
         <load_address>0xfff0</load_address>
         <run_address>0xfff0</run_address>
         <size>0x2</size>
         <input_file_ref idref="fl-3b"/>
      </object_component>
      <object_component id="oc-84">
         <name>.int40</name>
         <load_address>0xfff2</load_address>
         <run_address>0xfff2</run_address>
         <size>0x2</size>
         <input_file_ref idref="fl-3c"/>
      </object_component>
      <object_component id="oc-85">
         <name>.int41</name>
         <load_address>0xfff4</load_address>
         <run_address>0xfff4</run_address>
         <size>0x2</size>
         <input_file_ref idref="fl-3d"/>
      </object_component>
      <object_component id="oc-86">
         <name>.int42</name>
         <load_address>0xfff6</load_address>
         <run_address>0xfff6</run_address>
         <size>0x2</size>
         <input_file_ref idref="fl-3e"/>
      </object_component>
      <object_component id="oc-87">
         <name>.int43</name>
         <load_address>0xfff8</load_address>
         <run_address>0xfff8</run_address>
         <size>0x2</size>
         <input_file_ref idref="fl-3f"/>
      </object_component>
      <object_component id="oc-88">
         <name>.int44</name>
         <load_address>0xfffa</load_address>
         <run_address>0xfffa</run_address>
         <size>0x2</size>
         <input_file_ref idref="fl-40"/>
      </object_component>
      <object_component id="oc-89">
         <name>.int45</name>
         <load_address>0xfffc</load_address>
         <run_address>0xfffc</run_address>
         <size>0x2</size>
         <input_file_ref idref="fl-41"/>
      </object_component>
      <object_component id="oc-41f">
         <name>.reset</name>
         <load_address>0xfffe</load_address>
         <run_address>0xfffe</run_address>
         <size>0x2</size>
         <input_file_ref idref="fl-4c"/>
      </object_component>
      <object_component id="oc-669">
         <name>.debug_info</name>
         <load_address>0x0</load_address>
         <run_address>0x0</run_address>
         <size>0x3a2</size>
         <input_file_ref idref="fl-2"/>
      </object_component>
      <object_component id="oc-4cb">
         <name>.debug_info</name>
         <load_address>0x3a2</load_address>
         <run_address>0x3a2</run_address>
         <size>0xed</size>
         <input_file_ref idref="fl-2"/>
      </object_component>
      <object_component id="oc-4f3">
         <name>.debug_info</name>
         <load_address>0x48f</load_address>
         <run_address>0x48f</run_address>
         <size>0xf3</size>
         <input_file_ref idref="fl-2"/>
      </object_component>
      <object_component id="oc-4f6">
         <name>.debug_info</name>
         <load_address>0x582</load_address>
         <run_address>0x582</run_address>
         <size>0xf7</size>
         <input_file_ref idref="fl-2"/>
      </object_component>
      <object_component id="oc-498">
         <name>.debug_info</name>
         <load_address>0x679</load_address>
         <run_address>0x679</run_address>
         <size>0x238</size>
         <input_file_ref idref="fl-2"/>
      </object_component>
      <object_component id="oc-506">
         <name>.debug_info</name>
         <load_address>0x8b1</load_address>
         <run_address>0x8b1</run_address>
         <size>0x12c</size>
         <input_file_ref idref="fl-2"/>
      </object_component>
      <object_component id="oc-4da">
         <name>.debug_info</name>
         <load_address>0x9dd</load_address>
         <run_address>0x9dd</run_address>
         <size>0x173</size>
         <input_file_ref idref="fl-2"/>
      </object_component>
      <object_component id="oc-4e0">
         <name>.debug_info</name>
         <load_address>0xb50</load_address>
         <run_address>0xb50</run_address>
         <size>0x1a9</size>
         <input_file_ref idref="fl-2"/>
      </object_component>
      <object_component id="oc-50b">
         <name>.debug_info</name>
         <load_address>0xcf9</load_address>
         <run_address>0xcf9</run_address>
         <size>0x629</size>
         <input_file_ref idref="fl-2"/>
      </object_component>
      <object_component id="oc-6ee">
         <name>.debug_info</name>
         <load_address>0x1322</load_address>
         <run_address>0x1322</run_address>
         <size>0x26b</size>
         <input_file_ref idref="fl-2"/>
      </object_component>
      <object_component id="oc-429">
         <name>.debug_info</name>
         <load_address>0x158d</load_address>
         <run_address>0x158d</run_address>
         <size>0x84</size>
         <input_file_ref idref="fl-2"/>
      </object_component>
      <object_component id="oc-705">
         <name>.debug_info</name>
         <load_address>0x1611</load_address>
         <run_address>0x1611</run_address>
         <size>0x282</size>
         <input_file_ref idref="fl-2"/>
      </object_component>
      <object_component id="oc-5c3">
         <name>.debug_info</name>
         <load_address>0x1893</load_address>
         <run_address>0x1893</run_address>
         <size>0xbb</size>
         <input_file_ref idref="fl-2"/>
      </object_component>
      <object_component id="oc-766">
         <name>.debug_info</name>
[...]
      </symbol>
      <symbol id="sm-6fa">
         <name>wizchip_cris_exit</name>
         <value>0xb4b4</value>
         <object_component_ref idref="oc-722"/>
      </symbol>
      <symbol id="sm-6fb">
         <name>wizphy_reset</name>
         <value>0xac1c</value>
         <object_component_ref idref="oc-602"/>
      </symbol>
      <symbol id="sm-6fc">
         <name>wizchip_init</name>
         <value>0x9374</value>
         <object_component_ref idref="oc-5d5"/>
      </symbol>
      <symbol id="sm-6fd">
         <name>wizchip_cs_deselect</name>
         <value>0xb4b6</value>
         <object_component_ref idref="oc-6c1"/>
      </symbol>
      <symbol id="sm-6fe">
         <name>wizchip_getinterrupt</name>
         <value>0xa9f6</value>
         <object_component_ref idref="oc-5e1"/>
      </symbol>
      <symbol id="sm-6ff">
         <name>wizchip_spi_writebyte</name>
         <value>0xb470</value>
         <object_component_ref idref="oc-6d6"/>
      </symbol>
      <symbol id="sm-700">
         <name>wizchip_cs_select</name>
         <value>0xb4b8</value>
         <object_component_ref idref="oc-6bb"/>
      </symbol>
      <symbol id="sm-701">
         <name>wizchip_bus_writedata</name>
         <value>0xb32a</value>
         <object_component_ref idref="oc-72e"/>
      </symbol>
      <symbol id="sm-702">
         <name>wizchip_spi_readburst</name>
         <value>0xae2c</value>
         <object_component_ref idref="oc-6df"/>
      </symbol>
      <symbol id="sm-703">
         <name>reg_wizchip_spiburst_cbfunc</name>
         <value>0xab8e</value>
         <object_component_ref idref="oc-593"/>
      </symbol>
      <symbol id="sm-704">
         <name>wizphy_getphylink</name>
         <value>0xb30a</value>
         <object_component_ref idref="oc-626"/>
      </symbol>
      <symbol id="sm-705">
         <name>wizchip_settimeout</name>
         <value>0xb080</value>
         <object_component_ref idref="oc-5b6"/>
      </symbol>
      <symbol id="sm-706">
         <name>wizchip_gettimeout</name>
         <value>0xace8</value>
         <object_component_ref idref="oc-5bc"/>
      </symbol>
      <symbol id="sm-707">
         <name>wizchip_sw_reset</name>
         <value>0x9f20</value>
         <object_component_ref idref="oc-5cf"/>
      </symbol>
      <symbol id="sm-708">
         <name>wizchip_spi_writeburst</name>
         <value>0xaf9c</value>
         <object_component_ref idref="oc-6e5"/>
      </symbol>
      <symbol id="sm-729">
         <name>__TI_decompress_lzss</name>
         <value>0x9560</value>
         <object_component_ref idref="oc-66"/>
      </symbol>
      <symbol id="sm-73a">
         <name>__TI_decompress_none</name>
         <value>0xaf24</value>
         <object_component_ref idref="oc-6c"/>
      </symbol>
      <symbol id="sm-73d">
         <name>__TI_int22</name>
         <value>0xffce</value>
         <object_component_ref idref="oc-72"/>
      </symbol>
      <symbol id="sm-745">
         <name>__TI_ISR_TRAP</name>
         <value>0xb4da</value>
         <object_component_ref idref="oc-43a"/>
      </symbol>
      <symbol id="sm-748">
         <name>__TI_int23</name>
         <value>0xffd0</value>
         <object_component_ref idref="oc-73"/>
      </symbol>
      <symbol id="sm-74b">
         <name>__TI_int24</name>
         <value>0xffd2</value>
         <object_component_ref idref="oc-74"/>
      </symbol>
      <symbol id="sm-74e">
         <name>__TI_int25</name>
         <value>0xffd4</value>
         <object_component_ref idref="oc-75"/>
      </symbol>
      <symbol id="sm-751">
         <name>__TI_int26</name>
         <value>0xffd6</value>
         <object_component_ref idref="oc-76"/>
      </symbol>
      <symbol id="sm-754">
         <name>__TI_int27</name>
         <value>0xffd8</value>
         <object_component_ref idref="oc-77"/>
      </symbol>
      <symbol id="sm-757">
         <name>__TI_int28</name>
         <value>0xffda</value>
         <object_component_ref idref="oc-78"/>
      </symbol>
      <symbol id="sm-75a">
         <name>__TI_int29</name>
         <value>0xffdc</value>
         <object_component_ref idref="oc-79"/>
      </symbol>
      <symbol id="sm-75d">
         <name>__TI_int30</name>
         <value>0xffde</value>
         <object_component_ref idref="oc-7a"/>
      </symbol>
      <symbol id="sm-760">
         <name>__TI_int31</name>
         <value>0xffe0</value>
         <object_component_ref idref="oc-7b"/>
      </symbol>
      <symbol id="sm-763">
         <name>__TI_int32</name>
         <value>0xffe2</value>
         <object_component_ref idref="oc-7c"/>
      </symbol>
      <symbol id="sm-766">
         <name>__TI_int33</name>
         <value>0xffe4</value>
         <object_component_ref idref="oc-7d"/>
      </symbol>
      <symbol id="sm-769">
         <name>__TI_int34</name>
         <value>0xffe6</value>
         <object_component_ref idref="oc-7e"/>
      </symbol>
      <symbol id="sm-76c">
         <name>__TI_int35</name>
         <value>0xffe8</value>
         <object_component_ref idref="oc-7f"/>
      </symbol>
      <symbol id="sm-76f">
         <name>__TI_int36</name>
         <value>0xffea</value>
         <object_component_ref idref="oc-80"/>
      </symbol>
      <symbol id="sm-772">
         <name>__TI_int37</name>
         <value>0xffec</value>
         <object_component_ref idref="oc-81"/>
      </symbol>
      <symbol id="sm-775">
         <name>__TI_int38</name>
         <value>0xffee</value>
         <object_component_ref idref="oc-82"/>
      </symbol>
      <symbol id="sm-778">
         <name>__TI_int39</name>
         <value>0xfff0</value>
         <object_component_ref idref="oc-83"/>
      </symbol>
      <symbol id="sm-77b">
         <name>__TI_int40</name>
         <value>0xfff2</value>
         <object_component_ref idref="oc-84"/>
      </symbol>
      <symbol id="sm-77e">
         <name>__TI_int41</name>
         <value>0xfff4</value>
         <object_component_ref idref="oc-85"/>
      </symbol>
      <symbol id="sm-781">
         <name>__TI_int42</name>
         <value>0xfff6</value>
         <object_component_ref idref="oc-86"/>
      </symbol>
      <symbol id="sm-784">
         <name>__TI_int43</name>
         <value>0xfff8</value>
         <object_component_ref idref="oc-87"/>
      </symbol>
      <symbol id="sm-787">
         <name>__TI_int44</name>
         <value>0xfffa</value>
         <object_component_ref idref="oc-88"/>
      </symbol>
      <symbol id="sm-78a">
         <name>__TI_int45</name>
         <value>0xfffc</value>
         <object_component_ref idref="oc-89"/>
      </symbol>
      <symbol id="sm-79a">
         <name>__TI_zero_init_nomemset</name>
         <value>0xae6c</value>
         <object_component_ref idref="oc-43f"/>
      </symbol>
      <symbol id="sm-7a5">
         <name>__memcpy_far</name>
         <value>0xad6c</value>
         <object_component_ref idref="oc-42e"/>
      </symbol>
      <symbol id="sm-7ad">
         <name>__mspabi_mpyi_f5hw</name>
         <value>0xb39a</value>
         <object_component_ref idref="oc-79f"/>
      </symbol>
      <symbol id="sm-7ba">
         <name>__mspabi_slli</name>
         <value>0xb466</value>
         <object_component_ref idref="oc-65b"/>
      </symbol>
      <symbol id="sm-7c2">
         <name>__mspabi_slll_9</name>
         <value>0xaec2</value>
         <object_component_ref idref="oc-711"/>
      </symbol>
      <symbol id="sm-7c3">
         <name>__mspabi_slll_8</name>
         <value>0xaec6</value>
         <object_component_ref idref="oc-711"/>
      </symbol>
      <symbol id="sm-7c4">
         <name>__mspabi_slll_7</name>
         <value>0xaeca</value>
         <object_component_ref idref="oc-711"/>
      </symbol>
      <symbol id="sm-7c5">
         <name>__mspabi_slll_6</name>
         <value>0xaece</value>
         <object_component_ref idref="oc-711"/>
      </symbol>
      <symbol id="sm-7c6">
         <name>__mspabi_slll_5</name>
         <value>0xaed2</value>
         <object_component_ref idref="oc-711"/>
      </symbol>
      <symbol id="sm-7c7">
         <name>__mspabi_slll_4</name>
         <value>0xaed6</value>
         <object_component_ref idref="oc-711"/>
      </symbol>
      <symbol id="sm-7c8">
         <name>__mspabi_slll_3</name>
         <value>0xaeda</value>
         <object_component_ref idref="oc-711"/>
      </symbol>
      <symbol id="sm-7c9">
         <name>__mspabi_slll_2</name>
         <value>0xaede</value>
         <object_component_ref idref="oc-711"/>
      </symbol>
      <symbol id="sm-7ca">
         <name>__mspabi_slll_1</name>
         <value>0xaee2</value>
         <object_component_ref idref="oc-711"/>
      </symbol>
      <symbol id="sm-7cb">
         <name>__mspabi_slll_15</name>
         <value>0xaeaa</value>
         <object_component_ref idref="oc-711"/>
      </symbol>
      <symbol id="sm-7cc">
         <name>__mspabi_slll_14</name>
         <value>0xaeae</value>
         <object_component_ref idref="oc-711"/>
      </symbol>
      <symbol id="sm-7cd">
         <name>__mspabi_slll_13</name>
         <value>0xaeb2</value>
         <object_component_ref idref="oc-711"/>
      </symbol>
      <symbol id="sm-7ce">
         <name>__mspabi_slll_12</name>
         <value>0xaeb6</value>
         <object_component_ref idref="oc-711"/>
      </symbol>
      <symbol id="sm-7cf">
         <name>__mspabi_slll_11</name>
         <value>0xaeba</value>
         <object_component_ref idref="oc-711"/>
      </symbol>
      <symbol id="sm-7d0">
         <name>__mspabi_slll_10</name>
         <value>0xaebe</value>
         <object_component_ref idref="oc-711"/>
      </symbol>
      <symbol id="sm-7e1">
         <name>_c_int00_noargs_mpu</name>
         <value>0xb4ba</value>
         <object_component_ref idref="oc-469"/>
      </symbol>
      <symbol id="sm-7e2">
         <name>_stack</name>
         <value>0x2f60</value>
         <object_component_ref idref="oc-41c"/>
      </symbol>
      <symbol id="sm-7e3">
         <name>_reset_vector</name>
         <value>0xfffe</value>
         <object_component_ref idref="oc-41f"/>
      </symbol>
      <symbol id="sm-7f1">
         <name>__mpu_init</name>
         <value>0xaee8</value>
         <object_component_ref idref="oc-4a8"/>
      </symbol>
      <symbol id="sm-814">
         <name>__TI_auto_init_nobinit_nopinit_hold_wdt</name>
         <value>0xa600</value>
         <object_component_ref idref="oc-534"/>
      </symbol>
      <symbol id="sm-81d">
         <name>_system_post_cinit</name>
         <value>0xb4b0</value>
         <object_component_ref idref="oc-68e"/>
      </symbol>
      <symbol id="sm-826">
         <name>_system_pre_init</name>
         <value>0xb4a6</value>
         <object_component_ref idref="oc-490"/>
      </symbol>
      <symbol id="sm-84a">
         <name>C$$EXIT</name>
         <value>0xb490</value>
         <object_component_ref idref="oc-510"/>
      </symbol>
      <symbol id="sm-84b">
         <name>abort</name>
         <value>0xb490</value>
         <object_component_ref idref="oc-510"/>
      </symbol>
      <symbol id="sm-84c">
         <name>__TI_enable_exit_profile_output</name>
         <value>0x2190</value>
         <object_component_ref idref="oc-683"/>
      </symbol>
      <symbol id="sm-84d">
         <name>exit</name>
         <value>0xaafe</value>
         <object_component_ref idref="oc-516"/>
      </symbol>
      <symbol id="sm-85c">
         <name>__TI_dtors_ptr</name>
         <value>0x217c</value>
         <object_component_ref idref="oc-686"/>
      </symbol>
      <symbol id="sm-85d">
         <name>__TI_cleanup_ptr</name>
         <value>0x2178</value>
         <object_component_ref idref="oc-689"/>
      </symbol>
      <symbol id="sm-873">
         <name>_nop</name>
         <value>0xb4ae</value>
         <object_component_ref idref="oc-73d"/>
      </symbol>
      <symbol id="sm-874">
         <name>_lock</name>
         <value>0x2180</value>
         <object_component_ref idref="oc-62f"/>
      </symbol>
      <symbol id="sm-875">
         <name>_unlock</name>
         <value>0x2184</value>
         <object_component_ref idref="oc-647"/>
      </symbol>
      <symbol id="sm-883">
         <name>memcpy</name>
         <value>0xb408</value>
         <object_component_ref idref="oc-557"/>
      </symbol>
      <symbol id="sm-891">
         <name>memset</name>
         <value>0xb3f4</value>
         <object_component_ref idref="oc-5c9"/>
      </symbol>
      <symbol id="sm-8b4">
         <name>printf</name>
         <value>0xadac</value>
         <object_component_ref idref="oc-4e6"/>
      </symbol>
      <symbol id="sm-912">
         <name>__TI_printfi_minimal</name>
         <value>0x9736</value>
         <object_component_ref idref="oc-641"/>
      </symbol>
      <symbol id="sm-921">
         <name>__mspabi_remu</name>
         <value>0xb3ca</value>
         <object_component_ref idref="oc-826"/>
      </symbol>
      <symbol id="sm-922">
         <name>__mspabi_divu</name>
         <value>0xb3ca</value>
         <object_component_ref idref="oc-826"/>
      </symbol>
      <symbol id="sm-946">
         <name>__TI_tmpnams</name>
         <value>0x2194</value>
      </symbol>
      <symbol id="sm-947">
         <name>_ftable</name>
         <value>0x2078</value>
         <object_component_ref idref="oc-632"/>
      </symbol>
      <symbol id="sm-948">
         <name>__TI_ft_end</name>
         <value>0x218e</value>
         <object_component_ref idref="oc-897"/>
      </symbol>
      <symbol id="sm-95f">
         <name>putc</name>
         <value>0xa1ae</value>
         <object_component_ref idref="oc-751"/>
      </symbol>
      <symbol id="sm-960">
         <name>fputc</name>
         <value>0xa1ae</value>
         <object_component_ref idref="oc-751"/>
      </symbol>
      <symbol id="sm-971">
         <name>__TI_doflush</name>
         <value>0xa8d6</value>
         <object_component_ref idref="oc-7d3"/>
      </symbol>
      <symbol id="sm-989">
         <name>__TI_wrt_ok</name>
         <value>0xa3c4</value>
         <object_component_ref idref="oc-7c7"/>
      </symbol>
      <symbol id="sm-9a1">
         <name>fputs</name>
         <value>0x9818</value>
         <object_component_ref idref="oc-74a"/>
      </symbol>
      <symbol id="sm-9b7">
         <name>fseeko</name>
         <value>0xa66a</value>
         <object_component_ref idref="oc-809"/>
      </symbol>
      <symbol id="sm-9b8">
         <name>fseek</name>
         <value>0xa66a</value>
         <object_component_ref idref="oc-809"/>
      </symbol>
      <symbol id="sm-9d1">
         <name>lseek</name>
         <value>0xb27c</value>
         <object_component_ref idref="oc-833"/>
      </symbol>
      <symbol id="sm-9e0">
         <name>_stream</name>
         <value>0x211a</value>
         <object_component_ref idref="oc-81b"/>
      </symbol>
      <symbol id="sm-9e1">
         <name>_device</name>
         <value>0x2000</value>
         <object_component_ref idref="oc-85f"/>
      </symbol>
      <symbol id="sm-9ed">
         <name>HOSTclose</name>
         <value>0xabd6</value>
         <object_component_ref idref="oc-8a3"/>
      </symbol>
      <symbol id="sm-9f9">
         <name>HOSTlseek</name>
         <value>0xa2c0</value>
         <object_component_ref idref="oc-8b5"/>
      </symbol>
      <symbol id="sm-a07">
         <name>parmbuf</name>
         <value>0x2234</value>
      </symbol>
      <symbol id="sm-a08">
         <name>HOSTopen</name>
         <value>0xa872</value>
         <object_component_ref idref="oc-89d"/>
      </symbol>
      <symbol id="sm-a15">
         <name>HOSTread</name>
         <value>0xa998</value>
         <object_component_ref idref="oc-8a9"/>
      </symbol>
      <symbol id="sm-a21">
         <name>HOSTrename</name>
         <value>0xa596</value>
         <object_component_ref idref="oc-8c1"/>
      </symbol>
      <symbol id="sm-a2d">
         <name>HOSTunlink</name>
         <value>0xaca6</value>
         <object_component_ref idref="oc-8bb"/>
      </symbol>
      <symbol id="sm-a3a">
         <name>HOSTwrite</name>
         <value>0xa938</value>
         <object_component_ref idref="oc-8af"/>
      </symbol>
      <symbol id="sm-a58">
         <name>__TI_readmsg</name>
         <value>0xb1d2</value>
         <object_component_ref idref="oc-8f5"/>
      </symbol>
      <symbol id="sm-a59">
         <name>C$$IO$$</name>
         <value>0xb144</value>
         <object_component_ref idref="oc-8ef"/>
      </symbol>
      <symbol id="sm-a5a">
         <name>_CIOBUF_</name>
         <value>0x8000</value>
         <object_component_ref idref="oc-91f"/>
      </symbol>
      <symbol id="sm-a5b">
         <name>__TI_writemsg</name>
         <value>0xb11a</value>
         <object_component_ref idref="oc-8ef"/>
      </symbol>
      <symbol id="sm-a6a">
         <name>memccpy</name>
         <value>0xb2e8</value>
         <object_component_ref idref="oc-7ec"/>
      </symbol>
      <symbol id="sm-a79">
         <name>memchr</name>
         <value>0xb3e0</value>
         <object_component_ref idref="oc-7cd"/>
      </symbol>
      <symbol id="sm-a91">
         <name>setvbuf</name>
         <value>0x9b7a</value>
         <object_component_ref idref="oc-80f"/>
      </symbol>
      <symbol id="sm-aa2">
         <name>__TI_cleanup</name>
         <value>0xb0b6</value>
         <object_component_ref idref="oc-84c"/>
      </symbol>
      <symbol id="sm-ab3">
         <name>__TI_closefile</name>
         <value>0xa6d4</value>
         <object_component_ref idref="oc-891"/>
      </symbol>
      <symbol id="sm-b2c">
         <name>_sys_memory</name>
         <value>0x8120</value>
         <object_component_ref idref="oc-420"/>
      </symbol>
      <symbol id="sm-b2d">
         <name>free</name>
         <value>0x9aa8</value>
         <object_component_ref idref="oc-840"/>
      </symbol>
      <symbol id="sm-b2e">
         <name>memalign</name>
         <value>0x9470</value>
         <object_component_ref idref="oc-88a"/>
      </symbol>
      <symbol id="sm-b2f">
         <name>malloc</name>
         <value>0xb47a</value>
         <object_component_ref idref="oc-846"/>
      </symbol>
      <symbol id="sm-b30">
         <name>aligned_alloc</name>
         <value>0x9470</value>
         <object_component_ref idref="oc-88a"/>
      </symbol>
      <symbol id="sm-b55">
         <name>finddevice</name>
         <value>0xb176</value>
         <object_component_ref idref="oc-93f"/>
      </symbol>
      <symbol id="sm-b56">
         <name>getdevice</name>
         <value>0xaaaa</value>
         <object_component_ref idref="oc-913"/>
      </symbol>
      <symbol id="sm-b66">
         <name>strchr</name>
         <value>0xb380</value>
         <object_component_ref idref="oc-933"/>
      </symbol>
      <symbol id="sm-b74">
         <name>strcmp</name>
         <value>0xb3b2</value>
         <object_component_ref idref="oc-958"/>
      </symbol>
      <symbol id="sm-b81">
         <name>strcpy</name>
         <value>0xb42c</value>
         <object_component_ref idref="oc-906"/>
      </symbol>
      <symbol id="sm-b8e">
         <name>strlen</name>
         <value>0xb44c</value>
         <object_component_ref idref="oc-758"/>
      </symbol>
      <symbol id="sm-b9e">
         <name>strncpy</name>
         <value>0xb1fe</value>
         <object_component_ref idref="oc-939"/>
      </symbol>
      <symbol id="sm-bab">
         <name>unlink</name>
         <value>0xb22a</value>
         <object_component_ref idref="oc-8e2"/>
      </symbol>
      <symbol id="sm-bb9">
         <name>write</name>
         <value>0xb2a2</value>
         <object_component_ref idref="oc-7d9"/>
      </symbol>
      <symbol id="sm-bc0">
         <name>remove</name>
         <value>0xb22a</value>
      </symbol>
   </symbol_table>
   <title>Link successful</title>
</link_info>
